Archive member included to satisfy reference by file (symbol)

C:/ST/STM32CubeIDE_1.17.0/STM32CubeIDE/plugins/com.st.stm32cube.ide.mcu.externaltools.gnu-tools-for-stm32.12.3.rel1.win32_1.1.0.202410251130/tools/bin/../lib/gcc/arm-none-eabi/12.3.1/../../../../arm-none-eabi/lib/thumb/v7-m/nofp\libc_nano.a(libc_a-exit.o)
                              C:/ST/STM32CubeIDE_1.17.0/STM32CubeIDE/plugins/com.st.stm32cube.ide.mcu.externaltools.gnu-tools-for-stm32.12.3.rel1.win32_1.1.0.202410251130/tools/bin/../lib/gcc/arm-none-eabi/12.3.1/../../../../arm-none-eabi/lib/thumb/v7-m/nofp/crt0.o (exit)
C:/ST/STM32CubeIDE_1.17.0/STM32CubeIDE/plugins/com.st.stm32cube.ide.mcu.externaltools.gnu-tools-for-stm32.12.3.rel1.win32_1.1.0.202410251130/tools/bin/../lib/gcc/arm-none-eabi/12.3.1/../../../../arm-none-eabi/lib/thumb/v7-m/nofp\libc_nano.a(libc_a-nano-vfprintf_float.o)
                              (_printf_float)
C:/ST/STM32CubeIDE_1.17.0/STM32CubeIDE/plugins/com.st.stm32cube.ide.mcu.externaltools.gnu-tools-for-stm32.12.3.rel1.win32_1.1.0.202410251130/tools/bin/../lib/gcc/arm-none-eabi/12.3.1/../../../../arm-none-eabi/lib/thumb/v7-m/nofp\libc_nano.a(libc_a-nano-vfprintf_i.o)
                              C:/ST/STM32CubeIDE_1.17.0/STM32CubeIDE/plugins/com.st.stm32cube.ide.mcu.externaltools.gnu-tools-for-stm32.12.3.rel1.win32_1.1.0.202410251130/tools/bin/../lib/gcc/arm-none-eabi/12.3.1/../../../../arm-none-eabi/lib/thumb/v7-m/nofp\libc_nano.a(libc_a-nano-vfprintf_float.o) (_printf_common)
C:/ST/STM32CubeIDE_1.17.0/STM32CubeIDE/plugins/com.st.stm32cube.ide.mcu.externaltools.gnu-tools-for-stm32.12.3.rel1.win32_1.1.0.202410251130/tools/bin/../lib/gcc/arm-none-eabi/12.3.1/../../../../arm-none-eabi/lib/thumb/v7-m/nofp\libc_nano.a(libc_a-findfp.o)
                              C:/ST/STM32CubeIDE_1.17.0/STM32CubeIDE/plugins/com.st.stm32cube.ide.mcu.externaltools.gnu-tools-for-stm32.12.3.rel1.win32_1.1.0.202410251130/tools/bin/../lib/gcc/arm-none-eabi/12.3.1/../../../../arm-none-eabi/lib/thumb/v7-m/nofp\libc_nano.a(libc_a-exit.o) (__stdio_exit_handler)
C:/ST/STM32CubeIDE_1.17.0/STM32CubeIDE/plugins/com.st.stm32cube.ide.mcu.externaltools.gnu-tools-for-stm32.12.3.rel1.win32_1.1.0.202410251130/tools/bin/../lib/gcc/arm-none-eabi/12.3.1/../../../../arm-none-eabi/lib/thumb/v7-m/nofp\libc_nano.a(libc_a-fwalk.o)
                              C:/ST/STM32CubeIDE_1.17.0/STM32CubeIDE/plugins/com.st.stm32cube.ide.mcu.externaltools.gnu-tools-for-stm32.12.3.rel1.win32_1.1.0.202410251130/tools/bin/../lib/gcc/arm-none-eabi/12.3.1/../../../../arm-none-eabi/lib/thumb/v7-m/nofp\libc_nano.a(libc_a-findfp.o) (_fwalk_sglue)
C:/ST/STM32CubeIDE_1.17.0/STM32CubeIDE/plugins/com.st.stm32cube.ide.mcu.externaltools.gnu-tools-for-stm32.12.3.rel1.win32_1.1.0.202410251130/tools/bin/../lib/gcc/arm-none-eabi/12.3.1/../../../../arm-none-eabi/lib/thumb/v7-m/nofp\libc_nano.a(libc_a-stdio.o)
                              C:/ST/STM32CubeIDE_1.17.0/STM32CubeIDE/plugins/com.st.stm32cube.ide.mcu.externaltools.gnu-tools-for-stm32.12.3.rel1.win32_1.1.0.202410251130/tools/bin/../lib/gcc/arm-none-eabi/12.3.1/../../../../arm-none-eabi/lib/thumb/v7-m/nofp\libc_nano.a(libc_a-findfp.o) (__sread)
C:/ST/STM32CubeIDE_1.17.0/STM32CubeIDE/plugins/com.st.stm32cube.ide.mcu.externaltools.gnu-tools-for-stm32.12.3.rel1.win32_1.1.0.202410251130/tools/bin/../lib/gcc/arm-none-eabi/12.3.1/../../../../arm-none-eabi/lib/thumb/v7-m/nofp\libc_nano.a(libc_a-memset.o)
                              C:/ST/STM32CubeIDE_1.17.0/STM32CubeIDE/plugins/com.st.stm32cube.ide.mcu.externaltools.gnu-tools-for-stm32.12.3.rel1.win32_1.1.0.202410251130/tools/bin/../lib/gcc/arm-none-eabi/12.3.1/../../../../arm-none-eabi/lib/thumb/v7-m/nofp/crt0.o (memset)
C:/ST/STM32CubeIDE_1.17.0/STM32CubeIDE/plugins/com.st.stm32cube.ide.mcu.externaltools.gnu-tools-for-stm32.12.3.rel1.win32_1.1.0.202410251130/tools/bin/../lib/gcc/arm-none-eabi/12.3.1/../../../../arm-none-eabi/lib/thumb/v7-m/nofp\libc_nano.a(libc_a-localeconv.o)
                              C:/ST/STM32CubeIDE_1.17.0/STM32CubeIDE/plugins/com.st.stm32cube.ide.mcu.externaltools.gnu-tools-for-stm32.12.3.rel1.win32_1.1.0.202410251130/tools/bin/../lib/gcc/arm-none-eabi/12.3.1/../../../../arm-none-eabi/lib/thumb/v7-m/nofp\libc_nano.a(libc_a-nano-vfprintf_float.o) (_localeconv_r)
C:/ST/STM32CubeIDE_1.17.0/STM32CubeIDE/plugins/com.st.stm32cube.ide.mcu.externaltools.gnu-tools-for-stm32.12.3.rel1.win32_1.1.0.202410251130/tools/bin/../lib/gcc/arm-none-eabi/12.3.1/../../../../arm-none-eabi/lib/thumb/v7-m/nofp\libc_nano.a(libc_a-closer.o)
                              C:/ST/STM32CubeIDE_1.17.0/STM32CubeIDE/plugins/com.st.stm32cube.ide.mcu.externaltools.gnu-tools-for-stm32.12.3.rel1.win32_1.1.0.202410251130/tools/bin/../lib/gcc/arm-none-eabi/12.3.1/../../../../arm-none-eabi/lib/thumb/v7-m/nofp\libc_nano.a(libc_a-stdio.o) (_close_r)
[...]
Memory Configuration

Name             Origin             Length             Attributes
RAM              0x20000000         0x00005000         xrw
FLASH            0x08000000         0x00010000         xr
*default*        0x00000000         0xffffffff

Linker script and memory map

LOAD C:/ST/STM32CubeIDE_1.17.0/STM32CubeIDE/plugins/com.st.stm32cube.ide.mcu.externaltools.gnu-tools-for-stm32.12.3.rel1.win32_1.1.0.202410251130/tools/bin/../lib/gcc/arm-none-eabi/12.3.1/thumb/v7-m/nofp/crti.o
LOAD C:/ST/STM32CubeIDE_1.17.0/STM32CubeIDE/plugins/com.st.stm32cube.ide.mcu.externaltools.gnu-tools-for-stm32.12.3.rel1.win32_1.1.0.202410251130/tools/bin/../lib/gcc/arm-none-eabi/12.3.1/thumb/v7-m/nofp/crtbegin.o
LOAD C:/ST/STM32CubeIDE_1.17.0/STM32CubeIDE/plugins/com.st.stm32cube.ide.mcu.externaltools.gnu-tools-for-stm32.12.3.rel1.win32_1.1.0.202410251130/tools/bin/../lib/gcc/arm-none-eabi/12.3.1/../../../../arm-none-eabi/lib/thumb/v7-m/nofp/crt0.o
START GROUP
END GROUP
START GROUP
LOAD C:/ST/STM32CubeIDE_1.17.0/STM32CubeIDE/plugins/com.st.stm32cube.ide.mcu.externaltools.gnu-tools-for-stm32.12.3.rel1.win32_1.1.0.202410251130/tools/bin/../lib/gcc/arm-none-eabi/12.3.1/../../../../arm-none-eabi/lib/thumb/v7-m/nofp\libstdc++_nano.a
LOAD C:/ST/STM32CubeIDE_1.17.0/STM32CubeIDE/plugins/com.st.stm32cube.ide.mcu.externaltools.gnu-tools-for-stm32.12.3.rel1.win32_1.1.0.202410251130/tools/bin/../lib/gcc/arm-none-eabi/12.3.1/../../../../arm-none-eabi/lib/thumb/v7-m/nofp\libsupc++_nano.a
END GROUP
LOAD C:/ST/STM32CubeIDE_1.17.0/STM32CubeIDE/plugins/com.st.stm32cube.ide.mcu.externaltools.gnu-tools-for-stm32.12.3.rel1.win32_1.1.0.202410251130/tools/bin/../lib/gcc/arm-none-eabi/12.3.1/../../../../arm-none-eabi/lib/thumb/v7-m/nofp\libstdc++_nano.a
LOAD C:/ST/STM32CubeIDE_1.17.0/STM32CubeIDE/plugins/com.st.stm32cube.ide.mcu.externaltools.gnu-tools-for-stm32.12.3.rel1.win32_1.1.0.202410251130/tools/bin/../lib/gcc/arm-none-eabi/12.3.1/../../../../arm-none-eabi/lib/thumb/v7-m/nofp\libc_nano.a
LOAD C:/ST/STM32CubeIDE_1.17.0/STM32CubeIDE/plugins/com.st.stm32cube.ide.mcu.externaltools.gnu-tools-for-stm32.12.3.rel1.win32_1.1.0.202410251130/tools/bin/../lib/gcc/arm-none-eabi/12.3.1/../../../../arm-none-eabi/lib/thumb/v7-m/nofp\libm.a
LOAD CMakeFiles/car_green.dir/Core/Src/motor.c.obj
LOAD CMakeFiles/car_green.dir/Core/Src/timer.c.obj
LOAD CMakeFiles/car_green.dir/Core/Src/bluetooth.c.obj
LOAD CMakeFiles/car_green.dir/Core/Src/state_machine.c.obj
LOAD CMakeFiles/car_green.dir/Core/Src/follow.cpp.obj
LOAD CMakeFiles/car_green.dir/Core/Src/IRSensor.cpp.obj
LOAD CMakeFiles/car_green.dir/Core/Src/config.c.obj
LOAD CMakeFiles/car_green.dir/Core/Src/pid.c.obj
LOAD CMakeFiles/car_green.dir/Core/Src/pid_control.cpp.obj
LOAD CMakeFiles/car_green.dir/Core/Src/OLED.c.obj
LOAD CMakeFiles/car_green.dir/Core/Src/oled_dispaly.c.obj
LOAD CMakeFiles/car_green.dir/Core/Src/main.cpp.obj
LOAD CMakeFiles/car_green.dir/Core/Src/gpio.c.obj
LOAD CMakeFiles/car_green.dir/Core/Src/dma.c.obj
LOAD CMakeFiles/car_green.dir/Core/Src/i2c.c.obj
LOAD CMakeFiles/car_green.dir/Core/Src/tim.c.obj
LOAD CMakeFiles/car_green.dir/Core/Src/usart.c.obj
LOAD CMakeFiles/car_green.dir/Core/Src/stm32f1xx_it.c.obj
LOAD CMakeFiles/car_green.dir/Core/Src/stm32f1xx_hal_msp.c.obj
LOAD CMakeFiles/car_green.dir/Drivers/STM32F1xx_HAL_Driver/Src/stm32f1xx_hal_gpio_ex.c.obj
LOAD CMakeFiles/car_green.dir/Drivers/STM32F1xx_HAL_Driver/Src/stm32f1xx_hal_i2c.c.obj
LOAD CMakeFiles/car_green.dir/Drivers/STM32F1xx_HAL_Driver/Src/stm32f1xx_hal.c.obj
LOAD CMakeFiles/car_green.dir/Drivers/STM32F1xx_HAL_Driver/Src/stm32f1xx_hal_rcc.c.obj
LOAD CMakeFiles/car_green.dir/Drivers/STM32F1xx_HAL_Driver/Src/stm32f1xx_hal_rcc_ex.c.obj
LOAD CMakeFiles/car_green.dir/Drivers/STM32F1xx_HAL_Driver/Src/stm32f1xx_hal_gpio.c.obj
LOAD CMakeFiles/car_green.dir/Drivers/STM32F1xx_HAL_Driver/Src/stm32f1xx_hal_dma.c.obj
LOAD CMakeFiles/car_green.dir/Drivers/STM32F1xx_HAL_Driver/Src/stm32f1xx_hal_cortex.c.obj
LOAD CMakeFiles/car_green.dir/Drivers/STM32F1xx_HAL_Driver/Src/stm32f1xx_hal_pwr.c.obj
LOAD CMakeFiles/car_green.dir/Drivers/STM32F1xx_HAL_Driver/Src/stm32f1xx_hal_flash.c.obj
LOAD CMakeFiles/car_green.dir/Drivers/STM32F1xx_HAL_Driver/Src/stm32f1xx_hal_flash_ex.c.obj
LOAD CMakeFiles/car_green.dir/Drivers/STM32F1xx_HAL_Driver/Src/stm32f1xx_hal_exti.c.obj
LOAD CMakeFiles/car_green.dir/Drivers/STM32F1xx_HAL_Driver/Src/stm32f1xx_hal_tim.c.obj
LOAD CMakeFiles/car_green.dir/Drivers/STM32F1xx_HAL_Driver/Src/stm32f1xx_hal_tim_ex.c.obj
LOAD CMakeFiles/car_green.dir/Drivers/STM32F1xx_HAL_Driver/Src/stm32f1xx_hal_uart.c.obj
LOAD CMakeFiles/car_green.dir/Core/Src/system_stm32f1xx.c.obj
LOAD CMakeFiles/car_green.dir/Core/Src/sysmem.c.obj
LOAD CMakeFiles/car_green.dir/Core/Src/syscalls.c.obj
LOAD CMakeFiles/car_green.dir/startup_stm32f103xb.s.obj
LOAD C:/ST/STM32CubeIDE_1.17.0/STM32CubeIDE/plugins/com.st.stm32cube.ide.mcu.externaltools.gnu-tools-for-stm32.12.3.rel1.win32_1.1.0.202410251130/tools/bin/../lib/gcc/arm-none-eabi/12.3.1/../../../../arm-none-eabi/lib/thumb/v7-m/nofp\libstdc++_nano.a
LOAD C:/ST/STM32CubeIDE_1.17.0/STM32CubeIDE/plugins/com.st.stm32cube.ide.mcu.externaltools.gnu-tools-for-stm32.12.3.rel1.win32_1.1.0.202410251130/tools/bin/../lib/gcc/arm-none-eabi/12.3.1/../../../../arm-none-eabi/lib/thumb/v7-m/nofp\libm.a
LOAD C:/ST/STM32CubeIDE_1.17.0/STM32CubeIDE/plugins/com.st.stm32cube.ide.mcu.externaltools.gnu-tools-for-stm32.12.3.rel1.win32_1.1.0.202410251130/tools/bin/../lib/gcc/arm-none-eabi/12.3.1/../../../../arm-none-eabi/lib/thumb/v7-m/nofp\libc_nano.a
START GROUP
LOAD C:/ST/STM32CubeIDE_1.17.0/STM32CubeIDE/plugins/com.st.stm32cube.ide.mcu.externaltools.gnu-tools-for-stm32.12.3.rel1.win32_1.1.0.202410251130/tools/bin/../lib/gcc/arm-none-eabi/12.3.1/thumb/v7-m/nofp\libgcc.a
LOAD C:/ST/STM32CubeIDE_1.17.0/STM32CubeIDE/plugins/com.st.stm32cube.ide.mcu.externaltools.gnu-tools-for-stm32.12.3.rel1.win32_1.1.0.202410251130/tools/bin/../lib/gcc/arm-none-eabi/12.3.1/../../../../arm-none-eabi/lib/thumb/v7-m/nofp\libg_nano.a
LOAD C:/ST/STM32CubeIDE_1.17.0/STM32CubeIDE/plugins/com.st.stm32cube.ide.mcu.externaltools.gnu-tools-for-stm32.12.3.rel1.win32_1.1.0.202410251130/tools/bin/../lib/gcc/arm-none-eabi/12.3.1/../../../../arm-none-eabi/lib/thumb/v7-m/nofp\libc_nano.a
END GROUP
START GROUP
LOAD C:/ST/STM32CubeIDE_1.17.0/STM32CubeIDE/plugins/com.st.stm32cube.ide.mcu.externaltools.gnu-tools-for-stm32.12.3.rel1.win32_1.1.0.202410251130/tools/bin/../lib/gcc/arm-none-eabi/12.3.1/thumb/v7-m/nofp\libgcc.a
LOAD C:/ST/STM32CubeIDE_1.17.0/STM32CubeIDE/plugins/com.st.stm32cube.ide.mcu.externaltools.gnu-tools-for-stm32.12.3.rel1.win32_1.1.0.202410251130/tools/bin/../lib/gcc/arm-none-eabi/12.3.1/../../../../arm-none-eabi/lib/thumb/v7-m/nofp\libc_nano.a
LOAD C:/ST/STM32CubeIDE_1.17.0/STM32CubeIDE/plugins/com.st.stm32cube.ide.mcu.externaltools.gnu-tools-for-stm32.12.3.rel1.win32_1.1.0.202410251130/tools/bin/../lib/gcc/arm-none-eabi/12.3.1/../../../../arm-none-eabi/lib/thumb/v7-m/nofp\libnosys.a
END GROUP
START GROUP
LOAD C:/ST/STM32CubeIDE_1.17.0/STM32CubeIDE/plugins/com.st.stm32cube.ide.mcu.externaltools.gnu-tools-for-stm32.12.3.rel1.win32_1.1.0.202410251130/tools/bin/../lib/gcc/arm-none-eabi/12.3.1/thumb/v7-m/nofp\libgcc.a
LOAD C:/ST/STM32CubeIDE_1.17.0/STM32CubeIDE/plugins/com.st.stm32cube.ide.mcu.externaltools.gnu-tools-for-stm32.12.3.rel1.win32_1.1.0.202410251130/tools/bin/../lib/gcc/arm-none-eabi/12.3.1/../../../../arm-none-eabi/lib/thumb/v7-m/nofp\libc_nano.a
LOAD C:/ST/STM32CubeIDE_1.17.0/STM32CubeIDE/plugins/com.st.stm32cube.ide.mcu.externaltools.gnu-tools-for-stm32.12.3.rel1.win32_1.1.0.202410251130/tools/bin/../lib/gcc/arm-none-eabi/12.3.1/../../../../arm-none-eabi/lib/thumb/v7-m/nofp\libnosys.a
END GROUP
LOAD C:/ST/STM32CubeIDE_1.17.0/STM32CubeIDE/plugins/com.st.stm32cube.ide.mcu.externaltools.gnu-tools-for-stm32.12.3.rel1.win32_1.1.0.202410251130/tools/bin/../lib/gcc/arm-none-eabi/12.3.1/thumb/v7-m/nofp/crtend.o
LOAD C:/ST/STM32CubeIDE_1.17.0/STM32CubeIDE/plugins/com.st.stm32cube.ide.mcu.externaltools.gnu-tools-for-stm32.12.3.rel1.win32_1.1.0.202410251130/tools/bin/../lib/gcc/arm-none-eabi/12.3.1/thumb/v7-m/nofp/crtn.o
                0x20005000                        _estack = (ORIGIN (RAM) + LENGTH (RAM))
                0x00000200                        _Min_Heap_Size = 0x200
                0x00000400                        _Min_Stack_Size = 0x400

.isr_vector     0x08000000      0x10c
                0x08000000                        . = ALIGN (0x4)
 *(.isr_vector)
 .isr_vector    0x08000000      0x10c CMakeFiles/car_green.dir/startup_stm32f103xb.s.obj
                0x08000000                g_pfnVectors
                0x0800010c                        . = ALIGN (0x4)

.text           0x08000110     0x926c
                0x08000110                        . = ALIGN (0x4)
 *(.text)
 .text          0x08000110       0x40 C:/ST/STM32CubeIDE_1.17.0/STM32CubeIDE/plugins/com.st.stm32cube.ide.mcu.externaltools.gnu-tools-for-stm32.12.3.rel1.win32_1.1.0.202410251130/tools/bin/../lib/gcc/arm-none-eabi/12.3.1/thumb/v7-m/nofp/crtbegin.o
 .text          0x08000150       0x10 C:/ST/STM32CubeIDE_1.17.0/STM32CubeIDE/plugins/com.st.stm32cube.ide.mcu.externaltools.gnu-tools-for-stm32.12.3.rel1.win32_1.1.0.202410251130/tools/bin/../lib/gcc/arm-none-eabi/12.3.1/../../../../arm-none-eabi/lib/thumb/v7-m/nofp\libc_nano.a(libc_a-strlen.o)
                0x08000150                strlen
 .text          0x08000160      0x378 C:/ST/STM32CubeIDE_1.17.0/STM32CubeIDE/plugins/com.st.stm32cube.ide.mcu.externaltools.gnu-tools-for-stm32.12.3.rel1.win32_1.1.0.202410251130/tools/bin/../lib/gcc/arm-none-eabi/12.3.1/thumb/v7-m/nofp\libgcc.a(_arm_addsubdf3.o)
                0x08000160                __aeabi_drsub
                0x08000168                __aeabi_dsub
                0x08000168                __subdf3
                0x0800016c                __aeabi_dadd
                0x0800016c                __adddf3
                0x080003e4                __floatunsidf
                0x080003e4                __aeabi_ui2d
                0x08000404                __floatsidf
                0x08000404                __aeabi_i2d
                0x08000428                __aeabi_f2d
                0x08000428                __extendsfdf2
                0x0800046c                __floatundidf
                0x0800046c                __aeabi_ul2d
                0x0800047c                __floatdidf
                0x0800047c                __aeabi_l2d
 .text          0x080004d8      0x424 C:/ST/STM32CubeIDE_1.17.0/STM32CubeIDE/plugins/com.st.stm32cube.ide.mcu.externaltools.gnu-tools-for-stm32.12.3.rel1.win32_1.1.0.202410251130/tools/bin/../lib/gcc/arm-none-eabi/12.3.1/thumb/v7-m/nofp\libgcc.a(_arm_muldivdf3.o)
                0x080004d8                __aeabi_dmul
                0x080004d8                __muldf3
                0x0800072c                __divdf3
                0x0800072c                __aeabi_ddiv
 .text          0x080008fc      0x110 C:/ST/STM32CubeIDE_1.17.0/STM32CubeIDE/plugins/com.st.stm32cube.ide.mcu.externaltools.gnu-tools-for-stm32.12.3.rel1.win32_1.1.0.202410251130/tools/bin/../lib/gcc/arm-none-eabi/12.3.1/thumb/v7-m/nofp\libgcc.a(_arm_cmpdf2.o)
                0x080008fc                __gtdf2
                0x080008fc                __gedf2
                0x08000904                __ltdf2
                0x08000904                __ledf2
                0x0800090c                __nedf2
                0x0800090c                __eqdf2
                0x0800090c                __cmpdf2
                0x08000988                __aeabi_cdrcmple
                0x08000998                __aeabi_cdcmpeq
                0x08000998                __aeabi_cdcmple
                0x080009a8                __aeabi_dcmpeq
                0x080009bc                __aeabi_dcmplt
                0x080009d0                __aeabi_dcmple
                0x080009e4                __aeabi_dcmpge
                0x080009f8                __aeabi_dcmpgt
 .text          0x08000a0c       0x2c C:/ST/STM32CubeIDE_1.17.0/STM32CubeIDE/plugins/com.st.stm32cube.ide.mcu.externaltools.gnu-tools-for-stm32.12.3.rel1.win32_1.1.0.202410251130/tools/bin/../lib/gcc/arm-none-eabi/12.3.1/thumb/v7-m/nofp\libgcc.a(_arm_unorddf2.o)
                0x08000a0c                __unorddf2
                0x08000a0c                __aeabi_dcmpun
 .text          0x08000a38       0x50 C:/ST/STM32CubeIDE_1.17.0/STM32CubeIDE/plugins/com.st.stm32cube.ide.mcu.externaltools.gnu-tools-for-stm32.12.3.rel1.win32_1.1.0.202410251130/tools/bin/../lib/gcc/arm-none-eabi/12.3.1/thumb/v7-m/nofp\libgcc.a(_arm_fixdfsi.o)
                0x08000a38                __aeabi_d2iz
                0x08000a38                __fixdfsi
 .text          0x08000a88       0xa0 C:/ST/STM32CubeIDE_1.17.0/STM32CubeIDE/plugins/com.st.stm32cube.ide.mcu.externaltools.gnu-tools-for-stm32.12.3.rel1.win32_1.1.0.202410251130/tools/bin/../lib/gcc/arm-none-eabi/12.3.1/thumb/v7-m/nofp\libgcc.a(_arm_truncdfsf2.o)
                0x08000a88                __truncdfsf2
                0x08000a88                __aeabi_d2f
 *(.text*)
 .text.__cvt    0x08000b28       0xc8 C:/ST/STM32CubeIDE_1.17.0/STM32CubeIDE/plugins/com.st.stm32cube.ide.mcu.externaltools.gnu-tools-for-stm32.12.3.rel1.win32_1.1.0.202410251130/tools/bin/../lib/gcc/arm-none-eabi/12.3.1/../../../../arm-none-eabi/lib/thumb/v7-m/nofp\libc_nano.a(libc_a-nano-vfprintf_float.o)
                0x08000b28                __cvt
 .text.__exponent
                0x08000bf0       0x74 C:/ST/STM32CubeIDE_1.17.0/STM32CubeIDE/plugins/com.st.stm32cube.ide.mcu.externaltools.gnu-tools-for-stm32.12.3.rel1.win32_1.1.0.202410251130/tools/bin/../lib/gcc/arm-none-eabi/12.3.1/../../../../arm-none-eabi/lib/thumb/v7-m/nofp\libc_nano.a(libc_a-nano-vfprintf_float.o)
                0x08000bf0                __exponent
 .text._printf_float
                0x08000c64      0x458 C:/ST/STM32CubeIDE_1.17.0/STM32CubeIDE/plugins/com.st.stm32cube.ide.mcu.externaltools.gnu-tools-for-stm32.12.3.rel1.win32_1.1.0.202410251130/tools/bin/../lib/gcc/arm-none-eabi/12.3.1/../../../../arm-none-eabi/lib/thumb/v7-m/nofp\libc_nano.a(libc_a-nano-vfprintf_float.o)
                0x08000c64                _printf_float
 .text._printf_common
                0x080010bc       0xe4 C:/ST/STM32CubeIDE_1.17.0/STM32CubeIDE/plugins/com.st.stm32cube.ide.mcu.externaltools.gnu-tools-for-stm32.12.3.rel1.win32_1.1.0.202410251130/tools/bin/../lib/gcc/arm-none-eabi/12.3.1/../../../../arm-none-eabi/lib/thumb/v7-m/nofp\libc_nano.a(libc_a-nano-vfprintf_i.o)
                0x080010bc                _printf_common
 .text._printf_i
                0x080011a0      0x240 C:/ST/STM32CubeIDE_1.17.0/STM32CubeIDE/plugins/com.st.stm32cube.ide.mcu.externaltools.gnu-tools-for-stm32.12.3.rel1.win32_1.1.0.202410251130/tools/bin/../lib/gcc/arm-none-eabi/12.3.1/../../../../arm-none-eabi/lib/thumb/v7-m/nofp\libc_nano.a(libc_a-nano-vfprintf_i.o)
                0x080011a0                _printf_i
 .text.std      0x080013e0       0x6c C:/ST/STM32CubeIDE_1.17.0/STM32CubeIDE/plugins/com.st.stm32cube.ide.mcu.externaltools.gnu-tools-for-stm32.12.3.rel1.win32_1.1.0.202410251130/tools/bin/../lib/gcc/arm-none-eabi/12.3.1/../../../../arm-none-eabi/lib/thumb/v7-m/nofp\libc_nano.a(libc_a-findfp.o)
 .text.stdio_exit_handler
                0x0800144c       0x18 C:/ST/STM32CubeIDE_1.17.0/STM32CubeIDE/plugins/com.st.stm32cube.ide.mcu.externaltools.gnu-tools-for-stm32.12.3.rel1.win32_1.1.0.202410251130/tools/bin/../lib/gcc/arm-none-eabi/12.3.1/../../../../arm-none-eabi/lib/thumb/v7-m/nofp\libc_nano.a(libc_a-findfp.o)
 .text.cleanup_stdio
                0x08001464       0x40 C:/ST/STM32CubeIDE_1.17.0/STM32CubeIDE/plugins/com.st.stm32cube.ide.mcu.externaltools.gnu-tools-for-stm32.12.3.rel1.win32_1.1.0.202410251130/tools/bin/../lib/gcc/arm-none-eabi/12.3.1/../../../../arm-none-eabi/lib/thumb/v7-m/nofp\libc_nano.a(libc_a-findfp.o)
 .text.global_stdio_init.part.0
                0x080014a4       0x3c C:/ST/STM32CubeIDE_1.17.0/STM32CubeIDE/plugins/com.st.stm32cube.ide.mcu.externaltools.gnu-tools-for-stm32.12.3.rel1.win32_1.1.0.202410251130/tools/bin/../lib/gcc/arm-none-eabi/12.3.1/../../../../arm-none-eabi/lib/thumb/v7-m/nofp\libc_nano.a(libc_a-findfp.o)
 .text.__sfp_lock_acquire
                0x080014e0        0xc C:/ST/STM32CubeIDE_1.17.0/STM32CubeIDE/plugins/com.st.stm32cube.ide.mcu.externaltools.gnu-tools-for-stm32.12.3.rel1.win32_1.1.0.202410251130/tools/bin/../lib/gcc/arm-none-eabi/12.3.1/../../../../arm-none-eabi/lib/thumb/v7-m/nofp\libc_nano.a(libc_a-findfp.o)
                0x080014e0                __sfp_lock_acquire
 .text.__sfp_lock_release
                0x080014ec        0xc C:/ST/STM32CubeIDE_1.17.0/STM32CubeIDE/plugins/com.st.stm32cube.ide.mcu.externaltools.gnu-tools-for-stm32.12.3.rel1.win32_1.1.0.202410251130/tools/bin/../lib/gcc/arm-none-eabi/12.3.1/../../../../arm-none-eabi/lib/thumb/v7-m/nofp\libc_nano.a(libc_a-findfp.o)
                0x080014ec                __sfp_lock_release
 .text.__sinit  0x080014f8       0x30 C:/ST/STM32CubeIDE_1.17.0/STM32CubeIDE/plugins/com.st.stm32cube.ide.mcu.externaltools.gnu-tools-for-stm32.12.3.rel1.win32_1.1.0.202410251130/tools/bin/../lib/gcc/arm-none-eabi/12.3.1/../../../../arm-none-eabi/lib/thumb/v7-m/nofp\libc_nano.a(libc_a-findfp.o)
                0x080014f8                __sinit
 .text._fwalk_sglue
                0x08001528       0x3c C:/ST/STM32CubeIDE_1.17.0/STM32CubeIDE/plugins/com.st.stm32cube.ide.mcu.externaltools.gnu-tools-for-stm32.12.3.rel1.win32_1.1.0.202410251130/tools/bin/../lib/gcc/arm-none-eabi/12.3.1/../../../../arm-none-eabi/lib/thumb/v7-m/nofp\libc_nano.a(libc_a-fwalk.o)
                0x08001528                _fwalk_sglue
 .text.__sread  0x08001564       0x22 C:/ST/STM32CubeIDE_1.17.0/STM32CubeIDE/plugins/com.st.stm32cube.ide.mcu.externaltools.gnu-tools-for-stm32.12.3.rel1.win32_1.1.0.202410251130/tools/bin/../lib/gcc/arm-none-eabi/12.3.1/../../../../arm-none-eabi/lib/thumb/v7-m/nofp\libc_nano.a(libc_a-stdio.o)
                0x08001564                __sread
 .text.__swrite
                0x08001586       0x38 C:/ST/STM32CubeIDE_1.17.0/STM32CubeIDE/plugins/com.st.stm32cube.ide.mcu.externaltools.gnu-tools-for-stm32.12.3.rel1.win32_1.1.0.202410251130/tools/bin/../lib/gcc/arm-none-eabi/12.3.1/../../../../arm-none-eabi/lib/thumb/v7-m/nofp\libc_nano.a(libc_a-stdio.o)
                0x08001586                __swrite
 .text.__sseek  0x080015be       0x24 C:/ST/STM32CubeIDE_1.17.0/STM32CubeIDE/plugins/com.st.stm32cube.ide.mcu.externaltools.gnu-tools-for-stm32.12.3.rel1.win32_1.1.0.202410251130/tools/bin/../lib/gcc/arm-none-eabi/12.3.1/../../../../arm-none-eabi/lib/thumb/v7-m/nofp\libc_nano.a(libc_a-stdio.o)
                0x080015be                __sseek
 .text.__sclose
                0x080015e2        0x8 C:/ST/STM32CubeIDE_1.17.0/STM32CubeIDE/plugins/com.st.stm32cube.ide.mcu.externaltools.gnu-tools-for-stm32.12.3.rel1.win32_1.1.0.202410251130/tools/bin/../lib/gcc/arm-none-eabi/12.3.1/../../../../arm-none-eabi/lib/thumb/v7-m/nofp\libc_nano.a(libc_a-stdio.o)
                0x080015e2                __sclose
 .text.memset   0x080015ea       0x10 C:/ST/STM32CubeIDE_1.17.0/STM32CubeIDE/plugins/com.st.stm32cube.ide.mcu.externaltools.gnu-tools-for-stm32.12.3.rel1.win32_1.1.0.202410251130/tools/bin/../lib/gcc/arm-none-eabi/12.3.1/../../../../arm-none-eabi/lib/thumb/v7-m/nofp\libc_nano.a(libc_a-memset.o)
                0x080015ea                memset
 *fill*         0x080015fa        0x2 
 .text._localeconv_r
                0x080015fc        0x8 C:/ST/STM32CubeIDE_1.17.0/STM32CubeIDE/plugins/com.st.stm32cube.ide.mcu.externaltools.gnu-tools-for-stm32.12.3.rel1.win32_1.1.0.202410251130/tools/bin/../lib/gcc/arm-none-eabi/12.3.1/../../../../arm-none-eabi/lib/thumb/v7-m/nofp\libc_nano.a(libc_a-localeconv.o)
                0x080015fc                _localeconv_r
 .text._close_r
                0x08001604       0x20 C:/ST/STM32CubeIDE_1.17.0/STM32CubeIDE/plugins/com.st.stm32cube.ide.mcu.externaltools.gnu-tools-for-stm32.12.3.rel1.win32_1.1.0.202410251130/tools/bin/../lib/gcc/arm-none-eabi/12.3.1/../../../../arm-none-eabi/lib/thumb/v7-m/nofp\libc_nano.a(libc_a-closer.o)
                0x08001604                _close_r
 .text._lseek_r
                0x08001624       0x24 C:/ST/STM32CubeIDE_1.17.0/STM32CubeIDE/plugins/com.st.stm32cube.ide.mcu.externaltools.gnu-tools-for-stm32.12.3.rel1.win32_1.1.0.202410251130/tools/bin/../lib/gcc/arm-none-eabi/12.3.1/../../../../arm-none-eabi/lib/thumb/v7-m/nofp\libc_nano.a(libc_a-lseekr.o)
                0x08001624                _lseek_r
 .text._read_r  0x08001648       0x24 C:/ST/STM32CubeIDE_1.17.0/STM32CubeIDE/plugins/com.st.stm32cube.ide.mcu.externaltools.gnu-tools-for-stm32.12.3.rel1.win32_1.1.0.202410251130/tools/bin/../lib/gcc/arm-none-eabi/12.3.1/../../../../arm-none-eabi/lib/thumb/v7-m/nofp\libc_nano.a(libc_a-readr.o)
                0x08001648                _read_r
 .text._write_r
                0x0800166c       0x24 C:/ST/STM32CubeIDE_1.17.0/STM32CubeIDE/plugins/com.st.stm32cube.ide.mcu.externaltools.gnu-tools-for-stm32.12.3.rel1.win32_1.1.0.202410251130/tools/bin/../lib/gcc/arm-none-eabi/12.3.1/../../../../arm-none-eabi/lib/thumb/v7-m/nofp\libc_nano.a(libc_a-writer.o)
                0x0800166c                _write_r
 .text.__libc_init_array
                0x08001690       0x48 C:/ST/STM32CubeIDE_1.17.0/STM32CubeIDE/plugins/com.st.stm32cube.ide.mcu.externaltools.gnu-tools-for-stm32.12.3.rel1.win32_1.1.0.202410251130/tools/bin/../lib/gcc/arm-none-eabi/12.3.1/../../../../arm-none-eabi/lib/thumb/v7-m/nofp\libc_nano.a(libc_a-init.o)
                0x08001690                __libc_init_array
 .text.__retarget_lock_init_recursive
                0x080016d8        0x2 C:/ST/STM32CubeIDE_1.17.0/STM32CubeIDE/plugins/com.st.stm32cube.ide.mcu.externaltools.gnu-tools-for-stm32.12.3.rel1.win32_1.1.0.202410251130/tools/bin/../lib/gcc/arm-none-eabi/12.3.1/../../../../arm-none-eabi/lib/thumb/v7-m/nofp\libc_nano.a(libc_a-lock.o)
                0x080016d8                __retarget_lock_init_recursive
 .text.__retarget_lock_acquire_recursive
                0x080016da        0x2 C:/ST/STM32CubeIDE_1.17.0/STM32CubeIDE/plugins/com.st.stm32cube.ide.mcu.externaltools.gnu-tools-for-stm32.12.3.rel1.win32_1.1.0.202410251130/tools/bin/../lib/gcc/arm-none-eabi/12.3.1/../../../../arm-none-eabi/lib/thumb/v7-m/nofp\libc_nano.a(libc_a-lock.o)
                0x080016da                __retarget_lock_acquire_recursive
 .text.__retarget_lock_release_recursive
                0x080016dc        0x2 C:/ST/STM32CubeIDE_1.17.0/STM32CubeIDE/plugins/com.st.stm32cube.ide.mcu.externaltools.gnu-tools-for-stm32.12.3.rel1.win32_1.1.0.202410251130/tools/bin/../lib/gcc/arm-none-eabi/12.3.1/../../../../arm-none-eabi/lib/thumb/v7-m/nofp\libc_nano.a(libc_a-lock.o)
                0x080016dc                __retarget_lock_release_recursive
 .text.memchr   0x080016de       0x1c C:/ST/STM32CubeIDE_1.17.0/STM32CubeIDE/plugins/com.st.stm32cube.ide.mcu.externaltools.gnu-tools-for-stm32.12.3.rel1.win32_1.1.0.202410251130/tools/bin/../lib/gcc/arm-none-eabi/12.3.1/../../../../arm-none-eabi/lib/thumb/v7-m/nofp\libc_nano.a(libc_a-memchr-stub.o)
                0x080016de                memchr
 .text.quorem   0x080016fa      0x110 C:/ST/STM32CubeIDE_1.17.0/STM32CubeIDE/plugins/com.st.stm32cube.ide.mcu.externaltools.gnu-tools-for-stm32.12.3.rel1.win32_1.1.0.202410251130/tools/bin/../lib/gcc/arm-none-eabi/12.3.1/../../../../arm-none-eabi/lib/thumb/v7-m/nofp\libc_nano.a(libc_a-dtoa.o)
 *fill*         0x0800180a        0x6 
 .text._dtoa_r  0x08001810      0xb90 C:/ST/STM32CubeIDE_1.17.0/STM32CubeIDE/plugins/com.st.stm32cube.ide.mcu.externaltools.gnu-tools-for-stm32.12.3.rel1.win32_1.1.0.202410251130/tools/bin/../lib/gcc/arm-none-eabi/12.3.1/../../../../arm-none-eabi/lib/thumb/v7-m/nofp\libc_nano.a(libc_a-dtoa.o)
                0x08001810                _dtoa_r
 .text._free_r  0x080023a0       0x90 C:/ST/STM32CubeIDE_1.17.0/STM32CubeIDE/plugins/com.st.stm32cube.ide.mcu.externaltools.gnu-tools-for-stm32.12.3.rel1.win32_1.1.0.202410251130/tools/bin/../lib/gcc/arm-none-eabi/12.3.1/../../../../arm-none-eabi/lib/thumb/v7-m/nofp\libc_nano.a(libc_a-freer.o)
                0x080023a0                _free_r
 .text.malloc   0x08002430       0x10 C:/ST/STM32CubeIDE_1.17.0/STM32CubeIDE/plugins/com.st.stm32cube.ide.mcu.externaltools.gnu-tools-for-stm32.12.3.rel1.win32_1.1.0.202410251130/tools/bin/../lib/gcc/arm-none-eabi/12.3.1/../../../../arm-none-eabi/lib/thumb/v7-m/nofp\libc_nano.a(libc_a-malloc.o)
                0x08002430                malloc
 .text.free     0x08002440       0x10 C:/ST/STM32CubeIDE_1.17.0/STM32CubeIDE/plugins/com.st.stm32cube.ide.mcu.externaltools.gnu-tools-for-stm32.12.3.rel1.win32_1.1.0.202410251130/tools/bin/../lib/gcc/arm-none-eabi/12.3.1/../../../../arm-none-eabi/lib/thumb/v7-m/nofp\libc_nano.a(libc_a-malloc.o)
                0x08002440                free
 .text.sbrk_aligned
                0x08002450       0x44 C:/ST/STM32CubeIDE_1.17.0/STM32CubeIDE/plugins/com.st.stm32cube.ide.mcu.externaltools.gnu-tools-for-stm32.12.3.rel1.win32_1.1.0.202410251130/tools/bin/../lib/gcc/arm-none-eabi/12.3.1/../../../../arm-none-eabi/lib/thumb/v7-m/nofp\libc_nano.a(libc_a-mallocr.o)
 .text._malloc_r
                0x08002494      0x100 C:/ST/STM32CubeIDE_1.17.0/STM32CubeIDE/plugins/com.st.stm32cube.ide.mcu.externaltools.gnu-tools-for-stm32.12.3.rel1.win32_1.1.0.202410251130/tools/bin/../lib/gcc/arm-none-eabi/12.3.1/../../../../arm-none-eabi/lib/thumb/v7-m/nofp\libc_nano.a(libc_a-mallocr.o)
                0x08002494                _malloc_r
 .text.__malloc_lock
                0x08002594        0xc C:/ST/STM32CubeIDE_1.17.0/STM32CubeIDE/plugins/com.st.stm32cube.ide.mcu.externaltools.gnu-tools-for-stm32.12.3.rel1.win32_1.1.0.202410251130/tools/bin/../lib/gcc/arm-none-eabi/12.3.1/../../../../arm-none-eabi/lib/thumb/v7-m/nofp\libc_nano.a(libc_a-mlock.o)
                0x08002594                __malloc_lock
 .text.__malloc_unlock
                0x080025a0        0xc C:/ST/STM32CubeIDE_1.17.0/STM32CubeIDE/plugins/com.st.stm32cube.ide.mcu.externaltools.gnu-tools-for-stm32.12.3.rel1.win32_1.1.0.202410251130/tools/bin/../lib/gcc/arm-none-eabi/12.3.1/../../../../arm-none-eabi/lib/thumb/v7-m/nofp\libc_nano.a(libc_a-mlock.o)
                0x080025a0                __malloc_unlock
 .text._Balloc  0x080025ac       0x80 C:/ST/STM32CubeIDE_1.17.0/STM32CubeIDE/plugins/com.st.stm32cube.ide.mcu.externaltools.gnu-tools-for-stm32.12.3.rel1.win32_1.1.0.202410251130/tools/bin/../lib/gcc/arm-none-eabi/12.3.1/../../../../arm-none-eabi/lib/thumb/v7-m/nofp\libc_nano.a(libc_a-mprec.o)
                0x080025ac                _Balloc
 .text._Bfree   0x0800262c       0x44 C:/ST/STM32CubeIDE_1.17.0/STM32CubeIDE/plugins/com.st.stm32cube.ide.mcu.externaltools.gnu-tools-for-stm32.12.3.rel1.win32_1.1.0.202410251130/tools/bin/../lib/gcc/arm-none-eabi/12.3.1/../../../../arm-none-eabi/lib/thumb/v7-m/nofp\libc_nano.a(libc_a-mprec.o)
                0x0800262c                _Bfree
 .text.__multadd
                0x08002670       0x8c C:/ST/STM32CubeIDE_1.17.0/STM32CubeIDE/plugins/com.st.stm32cube.ide.mcu.externaltools.gnu-tools-for-stm32.12.3.rel1.win32_1.1.0.202410251130/tools/bin/../lib/gcc/arm-none-eabi/12.3.1/../../../../arm-none-eabi/lib/thumb/v7-m/nofp\libc_nano.a(libc_a-mprec.o)
                0x08002670                __multadd
 .text.__hi0bits
                0x080026fc       0x3e C:/ST/STM32CubeIDE_1.17.0/STM32CubeIDE/plugins/com.st.stm32cube.ide.mcu.externaltools.gnu-tools-for-stm32.12.3.rel1.win32_1.1.0.202410251130/tools/bin/../lib/gcc/arm-none-eabi/12.3.1/../../../../arm-none-eabi/lib/thumb/v7-m/nofp\libc_nano.a(libc_a-mprec.o)
                0x080026fc                __hi0bits
 .text.__lo0bits
                0x0800273a       0x5a C:/ST/STM32CubeIDE_1.17.0/STM32CubeIDE/plugins/com.st.stm32cube.ide.mcu.externaltools.gnu-tools-for-stm32.12.3.rel1.win32_1.1.0.202410251130/tools/bin/../lib/gcc/arm-none-eabi/12.3.1/../../../../arm-none-eabi/lib/thumb/v7-m/nofp\libc_nano.a(libc_a-mprec.o)
                0x0800273a                __lo0bits
 .text.__i2b    0x08002794       0x2c C:/ST/STM32CubeIDE_1.17.0/STM32CubeIDE/plugins/com.st.stm32cube.ide.mcu.externaltools.gnu-tools-for-stm32.12.3.rel1.win32_1.1.0.202410251130/tools/bin/../lib/gcc/arm-none-eabi/12.3.1/../../../../arm-none-eabi/lib/thumb/v7-m/nofp\libc_nano.a(libc_a-mprec.o)
                0x08002794                __i2b
 .text.__multiply
                0x080027c0      0x150 C:/ST/STM32CubeIDE_1.17.0/STM32CubeIDE/plugins/com.st.stm32cube.ide.mcu.externaltools.gnu-tools-for-stm32.12.3.rel1.win32_1.1.0.202410251130/tools/bin/../lib/gcc/arm-none-eabi/12.3.1/../../../../arm-none-eabi/lib/thumb/v7-m/nofp\libc_nano.a(libc_a-mprec.o)
                0x080027c0                __multiply
 .text.__pow5mult
                0x08002910       0xb4 C:/ST/STM32CubeIDE_1.17.0/STM32CubeIDE/plugins/com.st.stm32cube.ide.mcu.externaltools.gnu-tools-for-stm32.12.3.rel1.win32_1.1.0.202410251130/tools/bin/../lib/gcc/arm-none-eabi/12.3.1/../../../../arm-none-eabi/lib/thumb/v7-m/nofp\libc_nano.a(libc_a-mprec.o)
                0x08002910                __pow5mult
 .text.__lshift
                0x080029c4       0xd8 C:/ST/STM32CubeIDE_1.17.0/STM32CubeIDE/plugins/com.st.stm32cube.ide.mcu.externaltools.gnu-tools-for-stm32.12.3.rel1.win32_1.1.0.202410251130/tools/bin/../lib/gcc/arm-none-eabi/12.3.1/../../../../arm-none-eabi/lib/thumb/v7-m/nofp\libc_nano.a(libc_a-mprec.o)
                0x080029c4                __lshift
 .text.__mcmp   0x08002a9c       0x36 C:/ST/STM32CubeIDE_1.17.0/STM32CubeIDE/plugins/com.st.stm32cube.ide.mcu.externaltools.gnu-tools-for-stm32.12.3.rel1.win32_1.1.0.202410251130/tools/bin/../lib/gcc/arm-none-eabi/12.3.1/../../../../arm-none-eabi/lib/thumb/v7-m/nofp\libc_nano.a(libc_a-mprec.o)
                0x08002a9c                __mcmp
 *fill*         0x08002ad2        0x2 
 .text.__mdiff  0x08002ad4      0x128 C:/ST/STM32CubeIDE_1.17.0/STM32CubeIDE/plugins/com.st.stm32cube.ide.mcu.externaltools.gnu-tools-for-stm32.12.3.rel1.win32_1.1.0.202410251130/tools/bin/../lib/gcc/arm-none-eabi/12.3.1/../../../../arm-none-eabi/lib/thumb/v7-m/nofp\libc_nano.a(libc_a-mprec.o)
                0x08002ad4                __mdiff
 .text.__d2b    0x08002bfc       0xb0 C:/ST/STM32CubeIDE_1.17.0/STM32CubeIDE/plugins/com.st.stm32cube.ide.mcu.externaltools.gnu-tools-for-stm32.12.3.rel1.win32_1.1.0.202410251130/tools/bin/../lib/gcc/arm-none-eabi/12.3.1/../../../../arm-none-eabi/lib/thumb/v7-m/nofp\libc_nano.a(libc_a-mprec.o)
                0x08002bfc                __d2b
 .text.__sflush_r
                0x08002cac      0x100 C:/ST/STM32CubeIDE_1.17.0/STM32CubeIDE/plugins/com.st.stm32cube.ide.mcu.externaltools.gnu-tools-for-stm32.12.3.rel1.win32_1.1.0.202410251130/tools/bin/../lib/gcc/arm-none-eabi/12.3.1/../../../../arm-none-eabi/lib/thumb/v7-m/nofp\libc_nano.a(libc_a-fflush.o)
                0x08002cac                __sflush_r
 .text._fflush_r
                0x08002dac       0x50 C:/ST/STM32CubeIDE_1.17.0/STM32CubeIDE/plugins/com.st.stm32cube.ide.mcu.externaltools.gnu-tools-for-stm32.12.3.rel1.win32_1.1.0.202410251130/tools/bin/../lib/gcc/arm-none-eabi/12.3.1/../../../../arm-none-eabi/lib/thumb/v7-m/nofp\libc_nano.a(libc_a-fflush.o)
                0x08002dac                _fflush_r
 .text._sbrk_r  0x08002dfc       0x20 C:/ST/STM32CubeIDE_1.17.0/STM32CubeIDE/plugins/com.st.stm32cube.ide.mcu.externaltools.gnu-tools-for-stm32.12.3.rel1.win32_1.1.0.202410251130/tools/bin/../lib/gcc/arm-none-eabi/12.3.1/../../../../arm-none-eabi/lib/thumb/v7-m/nofp\libc_nano.a(libc_a-sbrkr.o)
                0x08002dfc                _sbrk_r
 .text.memcpy   0x08002e1c       0x1c C:/ST/STM32CubeIDE_1.17.0/STM32CubeIDE/plugins/com.st.stm32cube.ide.mcu.externaltools.gnu-tools-for-stm32.12.3.rel1.win32_1.1.0.202410251130/tools/bin/../lib/gcc/arm-none-eabi/12.3.1/../../../../arm-none-eabi/lib/thumb/v7-m/nofp\libc_nano.a(libc_a-memcpy-stub.o)
                0x08002e1c                memcpy
 .text.__assert_func
                0x08002e38       0x3c C:/ST/STM32CubeIDE_1.17.0/STM32CubeIDE/plugins/com.st.stm32cube.ide.mcu.externaltools.gnu-tools-for-stm32.12.3.rel1.win32_1.1.0.202410251130/tools/bin/../lib/gcc/arm-none-eabi/12.3.1/../../../../arm-none-eabi/lib/thumb/v7-m/nofp\libc_nano.a(libc_a-assert.o)
                0x08002e38                __assert_func
 .text._calloc_r
                0x08002e74       0x28 C:/ST/STM32CubeIDE_1.17.0/STM32CubeIDE/plugins/com.st.stm32cube.ide.mcu.externaltools.gnu-tools-for-stm32.12.3.rel1.win32_1.1.0.202410251130/tools/bin/../lib/gcc/arm-none-eabi/12.3.1/../../../../arm-none-eabi/lib/thumb/v7-m/nofp\libc_nano.a(libc_a-callocr.o)
                0x08002e74                _calloc_r
 .text.__ascii_mbtowc
                0x08002e9c       0x24 C:/ST/STM32CubeIDE_1.17.0/STM32CubeIDE/plugins/com.st.stm32cube.ide.mcu.externaltools.gnu-tools-for-stm32.12.3.rel1.win32_1.1.0.202410251130/tools/bin/../lib/gcc/arm-none-eabi/12.3.1/../../../../arm-none-eabi/lib/thumb/v7-m/nofp\libc_nano.a(libc_a-mbtowc_r.o)
                0x08002e9c                __ascii_mbtowc
 .text.__ascii_wctomb
                0x08002ec0       0x1a C:/ST/STM32CubeIDE_1.17.0/STM32CubeIDE/plugins/com.st.stm32cube.ide.mcu.externaltools.gnu-tools-for-stm32.12.3.rel1.win32_1.1.0.202410251130/tools/bin/../lib/gcc/arm-none-eabi/12.3.1/../../../../arm-none-eabi/lib/thumb/v7-m/nofp\libc_nano.a(libc_a-wctomb_r.o)
                0x08002ec0                __ascii_wctomb
 *fill*         0x08002eda        0x2 
 .text.fprintf  0x08002edc       0x24 C:/ST/STM32CubeIDE_1.17.0/STM32CubeIDE/plugins/com.st.stm32cube.ide.mcu.externaltools.gnu-tools-for-stm32.12.3.rel1.win32_1.1.0.202410251130/tools/bin/../lib/gcc/arm-none-eabi/12.3.1/../../../../arm-none-eabi/lib/thumb/v7-m/nofp\libc_nano.a(libc_a-fprintf.o)
                0x08002edc                fiprintf
                0x08002edc                fprintf
 .text.abort    0x08002f00        0xe C:/ST/STM32CubeIDE_1.17.0/STM32CubeIDE/plugins/com.st.stm32cube.ide.mcu.externaltools.gnu-tools-for-stm32.12.3.rel1.win32_1.1.0.202410251130/tools/bin/../lib/gcc/arm-none-eabi/12.3.1/../../../../arm-none-eabi/lib/thumb/v7-m/nofp\libc_nano.a(libc_a-abort.o)
                0x08002f00                abort
 .text.__sfputc_r
                0x08002f0e       0x2a C:/ST/STM32CubeIDE_1.17.0/STM32CubeIDE/plugins/com.st.stm32cube.ide.mcu.externaltools.gnu-tools-for-stm32.12.3.rel1.win32_1.1.0.202410251130/tools/bin/../lib/gcc/arm-none-eabi/12.3.1/../../../../arm-none-eabi/lib/thumb/v7-m/nofp\libc_nano.a(libc_a-nano-vfprintf.o)
 .text.__sfputs_r
                0x08002f38       0x24 C:/ST/STM32CubeIDE_1.17.0/STM32CubeIDE/plugins/com.st.stm32cube.ide.mcu.externaltools.gnu-tools-for-stm32.12.3.rel1.win32_1.1.0.202410251130/tools/bin/../lib/gcc/arm-none-eabi/12.3.1/../../../../arm-none-eabi/lib/thumb/v7-m/nofp\libc_nano.a(libc_a-nano-vfprintf.o)
                0x08002f38                __sfputs_r
 .text._vfprintf_r
                0x08002f5c      0x230 C:/ST/STM32CubeIDE_1.17.0/STM32CubeIDE/plugins/com.st.stm32cube.ide.mcu.externaltools.gnu-tools-for-stm32.12.3.rel1.win32_1.1.0.202410251130/tools/bin/../lib/gcc/arm-none-eabi/12.3.1/../../../../arm-none-eabi/lib/thumb/v7-m/nofp\libc_nano.a(libc_a-nano-vfprintf.o)
                0x08002f5c                _vfprintf_r
                0x08002f5c                _vfiprintf_r
 .text.__swbuf_r
                0x0800318c       0x7c C:/ST/STM32CubeIDE_1.17.0/STM32CubeIDE/plugins/com.st.stm32cube.ide.mcu.externaltools.gnu-tools-for-stm32.12.3.rel1.win32_1.1.0.202410251130/tools/bin/../lib/gcc/arm-none-eabi/12.3.1/../../../../arm-none-eabi/lib/thumb/v7-m/nofp\libc_nano.a(libc_a-wbuf.o)
                0x0800318c                __swbuf_r
 .text.__swsetup_r
                0x08003208       0xac C:/ST/STM32CubeIDE_1.17.0/STM32CubeIDE/plugins/com.st.stm32cube.ide.mcu.externaltools.gnu-tools-for-stm32.12.3.rel1.win32_1.1.0.202410251130/tools/bin/../lib/gcc/arm-none-eabi/12.3.1/../../../../arm-none-eabi/lib/thumb/v7-m/nofp\libc_nano.a(libc_a-wsetup.o)
                0x08003208                __swsetup_r
 .text.memmove  0x080032b4       0x34 C:/ST/STM32CubeIDE_1.17.0/STM32CubeIDE/plugins/com.st.stm32cube.ide.mcu.externaltools.gnu-tools-for-stm32.12.3.rel1.win32_1.1.0.202410251130/tools/bin/../lib/gcc/arm-none-eabi/12.3.1/../../../../arm-none-eabi/lib/thumb/v7-m/nofp\libc_nano.a(libc_a-memmove.o)
                0x080032b4                memmove
 .text._raise_r
                0x080032e8       0x50 C:/ST/STM32CubeIDE_1.17.0/STM32CubeIDE/plugins/com.st.stm32cube.ide.mcu.externaltools.gnu-tools-for-stm32.12.3.rel1.win32_1.1.0.202410251130/tools/bin/../lib/gcc/arm-none-eabi/12.3.1/../../../../arm-none-eabi/lib/thumb/v7-m/nofp\libc_nano.a(libc_a-signal.o)
                0x080032e8                _raise_r
 .text.raise    0x08003338       0x10 C:/ST/STM32CubeIDE_1.17.0/STM32CubeIDE/plugins/com.st.stm32cube.ide.mcu.externaltools.gnu-tools-for-stm32.12.3.rel1.win32_1.1.0.202410251130/tools/bin/../lib/gcc/arm-none-eabi/12.3.1/../../../../arm-none-eabi/lib/thumb/v7-m/nofp\libc_nano.a(libc_a-signal.o)
                0x08003338                raise
 .text._kill_r  0x08003348       0x24 C:/ST/STM32CubeIDE_1.17.0/STM32CubeIDE/plugins/com.st.stm32cube.ide.mcu.externaltools.gnu-tools-for-stm32.12.3.rel1.win32_1.1.0.202410251130/tools/bin/../lib/gcc/arm-none-eabi/12.3.1/../../../../arm-none-eabi/lib/thumb/v7-m/nofp\libc_nano.a(libc_a-signalr.o)
                0x08003348                _kill_r
 .text._getpid_r
                0x0800336c        0x4 C:/ST/STM32CubeIDE_1.17.0/STM32CubeIDE/plugins/com.st.stm32cube.ide.mcu.externaltools.gnu-tools-for-stm32.12.3.rel1.win32_1.1.0.202410251130/tools/bin/../lib/gcc/arm-none-eabi/12.3.1/../../../../arm-none-eabi/lib/thumb/v7-m/nofp\libc_nano.a(libc_a-signalr.o)
                0x0800336c                _getpid_r
 .text._realloc_r
                0x08003370       0x5c C:/ST/STM32CubeIDE_1.17.0/STM32CubeIDE/plugins/com.st.stm32cube.ide.mcu.externaltools.gnu-tools-for-stm32.12.3.rel1.win32_1.1.0.202410251130/tools/bin/../lib/gcc/arm-none-eabi/12.3.1/../../../../arm-none-eabi/lib/thumb/v7-m/nofp\libc_nano.a(libc_a-reallocr.o)
                0x08003370                _realloc_r
 .text.__swhatbuf_r
                0x080033cc       0x4a C:/ST/STM32CubeIDE_1.17.0/STM32CubeIDE/plugins/com.st.stm32cube.ide.mcu.externaltools.gnu-tools-for-stm32.12.3.rel1.win32_1.1.0.202410251130/tools/bin/../lib/gcc/arm-none-eabi/12.3.1/../../../../arm-none-eabi/lib/thumb/v7-m/nofp\libc_nano.a(libc_a-makebuf.o)
                0x080033cc                __swhatbuf_r
 .text.__smakebuf_r
                0x08003416       0x78 C:/ST/STM32CubeIDE_1.17.0/STM32CubeIDE/plugins/com.st.stm32cube.ide.mcu.externaltools.gnu-tools-for-stm32.12.3.rel1.win32_1.1.0.202410251130/tools/bin/../lib/gcc/arm-none-eabi/12.3.1/../../../../arm-none-eabi/lib/thumb/v7-m/nofp\libc_nano.a(libc_a-makebuf.o)
                0x08003416                __smakebuf_r
 *fill*         0x0800348e        0x2 
 .text._fstat_r
                0x08003490       0x24 C:/ST/STM32CubeIDE_1.17.0/STM32CubeIDE/plugins/com.st.stm32cube.ide.mcu.externaltools.gnu-tools-for-stm32.12.3.rel1.win32_1.1.0.202410251130/tools/bin/../lib/gcc/arm-none-eabi/12.3.1/../../../../arm-none-eabi/lib/thumb/v7-m/nofp\libc_nano.a(libc_a-fstatr.o)
                0x08003490                _fstat_r
 .text._isatty_r
                0x080034b4       0x20 C:/ST/STM32CubeIDE_1.17.0/STM32CubeIDE/plugins/com.st.stm32cube.ide.mcu.externaltools.gnu-tools-for-stm32.12.3.rel1.win32_1.1.0.202410251130/tools/bin/../lib/gcc/arm-none-eabi/12.3.1/../../../../arm-none-eabi/lib/thumb/v7-m/nofp\libc_nano.a(libc_a-isattyr.o)
                0x080034b4                _isatty_r
 .text._malloc_usable_size_r
                0x080034d4       0x10 C:/ST/STM32CubeIDE_1.17.0/STM32CubeIDE/plugins/com.st.stm32cube.ide.mcu.externaltools.gnu-tools-for-stm32.12.3.rel1.win32_1.1.0.202410251130/tools/bin/../lib/gcc/arm-none-eabi/12.3.1/../../../../arm-none-eabi/lib/thumb/v7-m/nofp\libc_nano.a(libc_a-msizer.o)
                0x080034d4                _malloc_usable_size_r
 .text.motor_Init
                0x080034e4       0x34 CMakeFiles/car_green.dir/Core/Src/motor.c.obj
                0x080034e4                motor_Init
 .text.motor_set
                0x08003518      0x118 CMakeFiles/car_green.dir/Core/Src/motor.c.obj
                0x08003518                motor_set
 .text.encoder_get_count
                0x08003630       0x74 CMakeFiles/car_green.dir/Core/Src/motor.c.obj
                0x08003630                encoder_get_count
 .text.get_phy_speed
                0x080036a4       0x78 CMakeFiles/car_green.dir/Core/Src/motor.c.obj
                0x080036a4                get_phy_speed
 .text.stop     0x0800371c       0x18 CMakeFiles/car_green.dir/Core/Src/motor.c.obj
                0x0800371c                stop
 .text.forward  0x08003734       0x18 CMakeFiles/car_green.dir/Core/Src/motor.c.obj
                0x08003734                forward
 .text.back     0x0800374c       0x1c CMakeFiles/car_green.dir/Core/Src/motor.c.obj
                0x0800374c                back
 .text.leftward
                0x08003768       0x18 CMakeFiles/car_green.dir/Core/Src/motor.c.obj
                0x08003768                leftward
 .text.rightward
                0x08003780       0x18 CMakeFiles/car_green.dir/Core/Src/motor.c.obj
                0x08003780                rightward
 .text.left     0x08003798       0x18 CMakeFiles/car_green.dir/Core/Src/motor.c.obj
                0x08003798                left
 .text.right    0x080037b0       0x18 CMakeFiles/car_green.dir/Core/Src/motor.c.obj
                0x080037b0                right
 .text.HAL_TIM_PeriodElapsedCallback
                0x080037c8       0x38 CMakeFiles/car_green.dir/Core/Src/timer.c.obj
                0x080037c8                HAL_TIM_PeriodElapsedCallback
 .text.timer_Init
                0x08003800       0x14 CMakeFiles/car_green.dir/Core/Src/timer.c.obj
                0x08003800                timer_Init
 .text.update10ms
                0x08003814       0x24 CMakeFiles/car_green.dir/Core/Src/timer.c.obj
                0x08003814                update10ms
 .text.millis   0x08003838       0x18 CMakeFiles/car_green.dir/Core/Src/timer.c.obj
                0x08003838                millis
 .text.bluetooth_Init
                0x08003850       0x30 CMakeFiles/car_green.dir/Core/Src/bluetooth.c.obj
                0x08003850                bluetooth_Init
 .text.HAL_UARTEx_RxEventCallback
                0x08003880      0x148 CMakeFiles/car_green.dir/Core/Src/bluetooth.c.obj
                0x08003880                HAL_UARTEx_RxEventCallback
 .text.next     0x080039c8       0x64 CMakeFiles/car_green.dir/Core/Src/state_machine.c.obj
                0x080039c8                next
 .text.go_follow
                0x08003a2c       0x34 CMakeFiles/car_green.dir/Core/Src/state_machine.c.obj
                0x08003a2c                go_follow
 .text.go_control
                0x08003a60       0x18 CMakeFiles/car_green.dir/Core/Src/state_machine.c.obj
                0x08003a60                go_control
 .text._standby_state
                0x08003a78       0x14 CMakeFiles/car_green.dir/Core/Src/state_machine.c.obj
                0x08003a78                _standby_state
 .text._follow_state
                0x08003a8c        0xc CMakeFiles/car_green.dir/Core/Src/state_machine.c.obj
                0x08003a8c                _follow_state
 .text._control_state
                0x08003a98       0x10 CMakeFiles/car_green.dir/Core/Src/state_machine.c.obj
                0x08003a98                _control_state
 .text._debug_get_count_state
                0x08003aa8       0x4c CMakeFiles/car_green.dir/Core/Src/state_machine.c.obj
                0x08003aa8                _debug_get_count_state
 .text._ZNSt14_Bit_referenceC2EPmm
                0x08003af4       0x24 CMakeFiles/car_green.dir/Core/Src/follow.cpp.obj
                0x08003af4                std::_Bit_reference::_Bit_reference(unsigned long*, unsigned long)
                0x08003af4                std::_Bit_reference::_Bit_reference(unsigned long*, unsigned long)
 .text._ZNKSt14_Bit_referencecvbEv
                0x08003b18       0x28 CMakeFiles/car_green.dir/Core/Src/follow.cpp.obj
                0x08003b18                std::_Bit_reference::operator bool() const
 .text._ZNSt18_Bit_iterator_baseC2EPmj
                0x08003b40       0x24 CMakeFiles/car_green.dir/Core/Src/follow.cpp.obj
                0x08003b40                std::_Bit_iterator_base::_Bit_iterator_base(unsigned long*, unsigned int)
                0x08003b40                std::_Bit_iterator_base::_Bit_iterator_base(unsigned long*, unsigned int)
 .text._ZNSt18_Bit_iterator_base7_M_incrEi
                0x08003b64       0x62 CMakeFiles/car_green.dir/Core/Src/follow.cpp.obj
                0x08003b64                std::_Bit_iterator_base::_M_incr(int)
 .text._ZNSt13_Bit_iteratorC2Ev
                0x08003bc6       0x1e CMakeFiles/car_green.dir/Core/Src/follow.cpp.obj
                0x08003bc6                std::_Bit_iterator::_Bit_iterator()
                0x08003bc6                std::_Bit_iterator::_Bit_iterator()
 .text._ZNSt13_Bit_iteratorC2EPmj
                0x08003be4       0x22 CMakeFiles/car_green.dir/Core/Src/follow.cpp.obj
                0x08003be4                std::_Bit_iterator::_Bit_iterator(unsigned long*, unsigned int)
                0x08003be4                std::_Bit_iterator::_Bit_iterator(unsigned long*, unsigned int)
 .text._ZNKSt13_Bit_iteratordeEv
                0x08003c06       0x28 CMakeFiles/car_green.dir/Core/Src/follow.cpp.obj
                0x08003c06                std::_Bit_iterator::operator*() const
 .text._ZNSt13_Bit_iteratorpLEi
                0x08003c2e       0x1e CMakeFiles/car_green.dir/Core/Src/follow.cpp.obj
                0x08003c2e                std::_Bit_iterator::operator+=(int)
 .text._ZNKSt13_Bit_iteratorixEi
                0x08003c4c       0x30 CMakeFiles/car_green.dir/Core/Src/follow.cpp.obj
                0x08003c4c                std::_Bit_iterator::operator[](int) const
 .text._ZStplRKSt13_Bit_iteratori
                0x08003c7c       0x2a CMakeFiles/car_green.dir/Core/Src/follow.cpp.obj
                0x08003c7c                std::operator+(std::_Bit_iterator const&, int)
 *fill*         0x08003ca6        0x2 
 .text.follow_Init
                0x08003ca8       0x44 CMakeFiles/car_green.dir/Core/Src/follow.cpp.obj
                0x08003ca8                follow_Init
 .text.reset_circle
                0x08003cec       0x18 CMakeFiles/car_green.dir/Core/Src/follow.cpp.obj
                0x08003cec                reset_circle
 .text._Z14ready_continuev
                0x08003d04       0xb0 CMakeFiles/car_green.dir/Core/Src/follow.cpp.obj
                0x08003d04                ready_continue()
 .text.follow3  0x08003db4      0x314 CMakeFiles/car_green.dir/Core/Src/follow.cpp.obj
                0x08003db4                follow3
 .text._ZNSt6vectorIbSaIbEED2Ev
                0x080040c8       0x1a CMakeFiles/car_green.dir/Core/Src/follow.cpp.obj
                0x080040c8                std::vector<bool, std::allocator<bool> >::~vector()
                0x080040c8                std::vector<bool, std::allocator<bool> >::~vector()
 .text._ZNSt6vectorIbSaIbEEixEj
                0x080040e2       0x30 CMakeFiles/car_green.dir/Core/Src/follow.cpp.obj
                0x080040e2                std::vector<bool, std::allocator<bool> >::operator[](unsigned int)
 .text._ZNSt13_Bvector_baseISaIbEE13_Bvector_implD2Ev
                0x08004112       0x18 CMakeFiles/car_green.dir/Core/Src/follow.cpp.obj
                0x08004112                std::_Bvector_base<std::allocator<bool> >::_Bvector_impl::~_Bvector_impl()
                0x08004112                std::_Bvector_base<std::allocator<bool> >::_Bvector_impl::~_Bvector_impl()
 .text._ZNSt13_Bvector_baseISaIbEED2Ev
                0x0800412a       0x20 CMakeFiles/car_green.dir/Core/Src/follow.cpp.obj
                0x0800412a                std::_Bvector_base<std::allocator<bool> >::~_Bvector_base()
                0x0800412a                std::_Bvector_base<std::allocator<bool> >::~_Bvector_base()
 .text._ZNSt6vectorIbSaIbEE5beginEv
                0x0800414a       0x20 CMakeFiles/car_green.dir/Core/Src/follow.cpp.obj
                0x0800414a                std::vector<bool, std::allocator<bool> >::begin()
 .text._ZNSaImED2Ev
                0x0800416a       0x18 CMakeFiles/car_green.dir/Core/Src/follow.cpp.obj
                0x0800416a                std::allocator<unsigned long>::~allocator()
                0x0800416a                std::allocator<unsigned long>::~allocator()
 .text._ZNSt13_Bvector_baseISaIbEE13_M_deallocateEv
                0x08004182       0x4a CMakeFiles/car_green.dir/Core/Src/follow.cpp.obj
                0x08004182                std::_Bvector_base<std::allocator<bool> >::_M_deallocate()
 .text._ZNSt15__new_allocatorImED2Ev
                0x080041cc       0x14 CMakeFiles/car_green.dir/Core/Src/follow.cpp.obj
                0x080041cc                std::__new_allocator<unsigned long>::~__new_allocator()
                0x080041cc                std::__new_allocator<unsigned long>::~__new_allocator()
 .text._ZNKSt13_Bvector_baseISaIbEE13_Bvector_impl11_M_end_addrEv
                0x080041e0       0x2c CMakeFiles/car_green.dir/Core/Src/follow.cpp.obj
                0x080041e0                std::_Bvector_base<std::allocator<bool> >::_Bvector_impl::_M_end_addr() const
 .text._ZNSt16allocator_traitsISaImEE10deallocateERS0_Pmj
                0x0800420c       0x1e CMakeFiles/car_green.dir/Core/Src/follow.cpp.obj
                0x0800420c                std::allocator_traits<std::allocator<unsigned long> >::deallocate(std::allocator<unsigned long>&, unsigned long*, unsigned int)
 .text._ZNSt13_Bvector_baseISaIbEE18_Bvector_impl_data8_M_resetEv
                0x0800422a       0x2a CMakeFiles/car_green.dir/Core/Src/follow.cpp.obj
                0x0800422a                std::_Bvector_base<std::allocator<bool> >::_Bvector_impl_data::_M_reset()
 .text._ZSt11__addressofImEPT_RS0_
                0x08004254       0x14 CMakeFiles/car_green.dir/Core/Src/follow.cpp.obj
                0x08004254                unsigned long* std::__addressof<unsigned long>(unsigned long&)
 .text._ZNSt15__new_allocatorImE10deallocateEPmj
                0x08004268       0x1e CMakeFiles/car_green.dir/Core/Src/follow.cpp.obj
                0x08004268                std::__new_allocator<unsigned long>::deallocate(unsigned long*, unsigned int)
 .text._ZNSt13_Bvector_baseISaIbEE18_Bvector_impl_dataC2Ev
                0x08004286       0x2a CMakeFiles/car_green.dir/Core/Src/follow.cpp.obj
                0x08004286                std::_Bvector_base<std::allocator<bool> >::_Bvector_impl_data::_Bvector_impl_data()
                0x08004286                std::_Bvector_base<std::allocator<bool> >::_Bvector_impl_data::_Bvector_impl_data()
 .text._ZNSt14_Bit_referenceaSEb
                0x080042b0       0x46 CMakeFiles/car_green.dir/Core/Src/IRSensor.cpp.obj
                0x080042b0                std::_Bit_reference::operator=(bool)
 .text._ZSt16__fill_bvector_nPmjb
                0x080042f6       0x30 CMakeFiles/car_green.dir/Core/Src/IRSensor.cpp.obj
                0x080042f6                std::__fill_bvector_n(unsigned long*, unsigned int, bool)
 *fill*         0x08004326        0x2 
 .text._Z6get_IRv
                0x08004328       0x98 CMakeFiles/car_green.dir/Core/Src/IRSensor.cpp.obj
                0x08004328                get_IR()
 .text._ZNSaIbEC2Ev
                0x080043c0       0x18 CMakeFiles/car_green.dir/Core/Src/IRSensor.cpp.obj
                0x080043c0                std::allocator<bool>::allocator()
                0x080043c0                std::allocator<bool>::allocator()
 .text._ZNSaIbED2Ev
                0x080043d8       0x18 CMakeFiles/car_green.dir/Core/Src/IRSensor.cpp.obj
                0x080043d8                std::allocator<bool>::~allocator()
                0x080043d8                std::allocator<bool>::~allocator()
 .text._ZNSt6vectorIbSaIbEEC2EjRKbRKS0_
                0x080043f0       0x36 CMakeFiles/car_green.dir/Core/Src/IRSensor.cpp.obj
                0x080043f0                std::vector<bool, std::allocator<bool> >::vector(unsigned int, bool const&, std::allocator<bool> const&)
                0x080043f0                std::vector<bool, std::allocator<bool> >::vector(unsigned int, bool const&, std::allocator<bool> const&)
 .text._ZNSt15__new_allocatorIbEC2Ev
                0x08004426       0x14 CMakeFiles/car_green.dir/Core/Src/IRSensor.cpp.obj
                0x08004426                std::__new_allocator<bool>::__new_allocator()
                0x08004426                std::__new_allocator<bool>::__new_allocator()
 .text._ZNSt15__new_allocatorIbED2Ev
                0x0800443a       0x14 CMakeFiles/car_green.dir/Core/Src/IRSensor.cpp.obj
                0x0800443a                std::__new_allocator<bool>::~__new_allocator()
                0x0800443a                std::__new_allocator<bool>::~__new_allocator()
 .text._ZNSt13_Bvector_baseISaIbEEC2ERKS0_
                0x0800444e       0x38 CMakeFiles/car_green.dir/Core/Src/IRSensor.cpp.obj
                0x0800444e                std::_Bvector_base<std::allocator<bool> >::_Bvector_base(std::allocator<bool> const&)
                0x0800444e                std::_Bvector_base<std::allocator<bool> >::_Bvector_base(std::allocator<bool> const&)
 .text._ZNSt6vectorIbSaIbEE13_M_initializeEj
                0x08004486       0x78 CMakeFiles/car_green.dir/Core/Src/IRSensor.cpp.obj
                0x08004486                std::vector<bool, std::allocator<bool> >::_M_initialize(unsigned int)
 .text._ZNSt6vectorIbSaIbEE19_M_initialize_valueEb
                0x080044fe       0x3c CMakeFiles/car_green.dir/Core/Src/IRSensor.cpp.obj
                0x080044fe                std::vector<bool, std::allocator<bool> >::_M_initialize_value(bool)
 .text._ZNSaImEC2ERKS_
                0x0800453a       0x1c CMakeFiles/car_green.dir/Core/Src/IRSensor.cpp.obj
                0x0800453a                std::allocator<unsigned long>::allocator(std::allocator<unsigned long> const&)
                0x0800453a                std::allocator<unsigned long>::allocator(std::allocator<unsigned long> const&)
 .text._ZNSaImEC2IbEERKSaIT_E
                0x08004556       0x1a CMakeFiles/car_green.dir/Core/Src/IRSensor.cpp.obj
                0x08004556                std::allocator<unsigned long>::allocator<bool>(std::allocator<bool> const&)
                0x08004556                std::allocator<unsigned long>::allocator<bool>(std::allocator<bool> const&)
 .text._ZNSt13_Bvector_baseISaIbEE13_Bvector_implC2ERKSaImE
                0x08004570       0x24 CMakeFiles/car_green.dir/Core/Src/IRSensor.cpp.obj
                0x08004570                std::_Bvector_base<std::allocator<bool> >::_Bvector_impl::_Bvector_impl(std::allocator<unsigned long> const&)
                0x08004570                std::_Bvector_base<std::allocator<bool> >::_Bvector_impl::_Bvector_impl(std::allocator<unsigned long> const&)
 .text._ZNSt13_Bvector_baseISaIbEE11_M_allocateEj
                0x08004594       0x28 CMakeFiles/car_green.dir/Core/Src/IRSensor.cpp.obj
                0x08004594                std::_Bvector_base<std::allocator<bool> >::_M_allocate(unsigned int)
 .text._ZNSt13_Bvector_baseISaIbEE8_S_nwordEj
                0x080045bc       0x18 CMakeFiles/car_green.dir/Core/Src/IRSensor.cpp.obj
                0x080045bc                std::_Bvector_base<std::allocator<bool> >::_S_nword(unsigned int)
 .text._ZNSt15__new_allocatorImEC2ERKS0_
                0x080045d4       0x16 CMakeFiles/car_green.dir/Core/Src/IRSensor.cpp.obj
                0x080045d4                std::__new_allocator<unsigned long>::__new_allocator(std::__new_allocator<unsigned long> const&)
                0x080045d4                std::__new_allocator<unsigned long>::__new_allocator(std::__new_allocator<unsigned long> const&)
 .text._ZNSt15__new_allocatorImEC2Ev
                0x080045ea       0x14 CMakeFiles/car_green.dir/Core/Src/IRSensor.cpp.obj
                0x080045ea                std::__new_allocator<unsigned long>::__new_allocator()
                0x080045ea                std::__new_allocator<unsigned long>::__new_allocator()
 .text._ZNSt16allocator_traitsISaImEE8allocateERS0_j
                0x080045fe       0x1e CMakeFiles/car_green.dir/Core/Src/IRSensor.cpp.obj
                0x080045fe                std::allocator_traits<std::allocator<unsigned long> >::allocate(std::allocator<unsigned long>&, unsigned int)
 .text._ZNSt15__new_allocatorImE8allocateEjPKv
                0x0800461c       0x54 CMakeFiles/car_green.dir/Core/Src/IRSensor.cpp.obj
                0x0800461c                std::__new_allocator<unsigned long>::allocate(unsigned int, void const*)
 .text._ZNKSt15__new_allocatorImE11_M_max_sizeEv
                0x08004670       0x16 CMakeFiles/car_green.dir/Core/Src/IRSensor.cpp.obj
                0x08004670                std::__new_allocator<unsigned long>::_M_max_size() const
 .text.pid_init
                0x08004686       0x38 CMakeFiles/car_green.dir/Core/Src/pid.c.obj
                0x08004686                pid_init
 .text.pid_set_target
                0x080046be       0x1a CMakeFiles/car_green.dir/Core/Src/pid.c.obj
                0x080046be                pid_set_target
 .text._Z16pid_control_Initv
                0x080046d8       0x50 CMakeFiles/car_green.dir/Core/Src/pid_control.cpp.obj
                0x080046d8                pid_control_Init()
 .text.OLED_I2C_Init
                0x08004728       0x60 CMakeFiles/car_green.dir/Core/Src/OLED.c.obj
                0x08004728                OLED_I2C_Init
 .text.OLED_I2C_Start
                0x08004788       0x3c CMakeFiles/car_green.dir/Core/Src/OLED.c.obj
                0x08004788                OLED_I2C_Start
 .text.OLED_I2C_Stop
                0x080047c4       0x30 CMakeFiles/car_green.dir/Core/Src/OLED.c.obj
                0x080047c4                OLED_I2C_Stop
 .text.OLED_I2C_SendByte
                0x080047f4       0x78 CMakeFiles/car_green.dir/Core/Src/OLED.c.obj
                0x080047f4                OLED_I2C_SendByte
 .text.OLED_WriteCommand
                0x0800486c       0x2e CMakeFiles/car_green.dir/Core/Src/OLED.c.obj
                0x0800486c                OLED_WriteCommand
 .text.OLED_WriteData
                0x0800489a       0x2e CMakeFiles/car_green.dir/Core/Src/OLED.c.obj
                0x0800489a                OLED_WriteData
 .text.OLED_SetCursor
                0x080048c8       0x46 CMakeFiles/car_green.dir/Core/Src/OLED.c.obj
                0x080048c8                OLED_SetCursor
 .text.OLED_Clear
                0x0800490e       0x46 CMakeFiles/car_green.dir/Core/Src/OLED.c.obj
                0x0800490e                OLED_Clear
 .text.OLED_ShowChar
                0x08004954       0xb4 CMakeFiles/car_green.dir/Core/Src/OLED.c.obj
                0x08004954                OLED_ShowChar
 .text.OLED_ShowString
                0x08004a08       0x4a CMakeFiles/car_green.dir/Core/Src/OLED.c.obj
                0x08004a08                OLED_ShowString
 .text.OLED_Init
                0x08004a52       0xc8 CMakeFiles/car_green.dir/Core/Src/OLED.c.obj
                0x08004a52                OLED_Init
 *fill*         0x08004b1a        0x2 
 .text.oled_display_phy_speed
                0x08004b1c       0x74 CMakeFiles/car_green.dir/Core/Src/oled_dispaly.c.obj
                0x08004b1c                oled_display_phy_speed
 .text.main     0x08004b90       0x46 CMakeFiles/car_green.dir/Core/Src/main.cpp.obj
                0x08004b90                main
 .text._Z18SystemClock_Configv
                0x08004bd6       0x9e CMakeFiles/car_green.dir/Core/Src/main.cpp.obj
                0x08004bd6                SystemClock_Config()
 .text.Error_Handler
                0x08004c74        0xc CMakeFiles/car_green.dir/Core/Src/main.cpp.obj
                0x08004c74                Error_Handler
 .text.MX_GPIO_Init
                0x08004c80      0x11c CMakeFiles/car_green.dir/Core/Src/gpio.c.obj
                0x08004c80                MX_GPIO_Init
 .text.MX_DMA_Init
                0x08004d9c       0x4c CMakeFiles/car_green.dir/Core/Src/dma.c.obj
                0x08004d9c                MX_DMA_Init
 .text.MX_I2C1_Init
                0x08004de8       0x5c CMakeFiles/car_green.dir/Core/Src/i2c.c.obj
                0x08004de8                MX_I2C1_Init
 .text.HAL_I2C_MspInit
                0x08004e44       0xa0 CMakeFiles/car_green.dir/Core/Src/i2c.c.obj
                0x08004e44                HAL_I2C_MspInit
 .text.MX_TIM1_Init
                0x08004ee4       0xa0 CMakeFiles/car_green.dir/Core/Src/tim.c.obj
                0x08004ee4                MX_TIM1_Init
 .text.MX_TIM2_Init
                0x08004f84      0x100 CMakeFiles/car_green.dir/Core/Src/tim.c.obj
                0x08004f84                MX_TIM2_Init
 .text.MX_TIM3_Init
                0x08005084       0xa8 CMakeFiles/car_green.dir/Core/Src/tim.c.obj
                0x08005084                MX_TIM3_Init
 .text.MX_TIM4_Init
                0x0800512c       0xa8 CMakeFiles/car_green.dir/Core/Src/tim.c.obj
                0x0800512c                MX_TIM4_Init
 .text.HAL_TIM_Base_MspInit
                0x080051d4       0x70 CMakeFiles/car_green.dir/Core/Src/tim.c.obj
                0x080051d4                HAL_TIM_Base_MspInit
 .text.HAL_TIM_Encoder_MspInit
                0x08005244       0xd8 CMakeFiles/car_green.dir/Core/Src/tim.c.obj
                0x08005244                HAL_TIM_Encoder_MspInit
 .text.HAL_TIM_MspPostInit
                0x0800531c       0x60 CMakeFiles/car_green.dir/Core/Src/tim.c.obj
                0x0800531c                HAL_TIM_MspPostInit
 .text.MX_USART3_UART_Init
                0x0800537c       0x54 CMakeFiles/car_green.dir/Core/Src/usart.c.obj
                0x0800537c                MX_USART3_UART_Init
 .text.HAL_UART_MspInit
                0x080053d0      0x154 CMakeFiles/car_green.dir/Core/Src/usart.c.obj
                0x080053d0                HAL_UART_MspInit
 .text.NMI_Handler
                0x08005524        0x8 CMakeFiles/car_green.dir/Core/Src/stm32f1xx_it.c.obj
                0x08005524                NMI_Handler
 .text.HardFault_Handler
                0x0800552c        0x8 CMakeFiles/car_green.dir/Core/Src/stm32f1xx_it.c.obj
                0x0800552c                HardFault_Handler
 .text.MemManage_Handler
                0x08005534        0x8 CMakeFiles/car_green.dir/Core/Src/stm32f1xx_it.c.obj
                0x08005534                MemManage_Handler
 .text.BusFault_Handler
                0x0800553c        0x8 CMakeFiles/car_green.dir/Core/Src/stm32f1xx_it.c.obj
                0x0800553c                BusFault_Handler
 .text.UsageFault_Handler
                0x08005544        0x8 CMakeFiles/car_green.dir/Core/Src/stm32f1xx_it.c.obj
                0x08005544                UsageFault_Handler
 .text.SVC_Handler
                0x0800554c        0xc CMakeFiles/car_green.dir/Core/Src/stm32f1xx_it.c.obj
                0x0800554c                SVC_Handler
 .text.DebugMon_Handler
                0x08005558        0xc CMakeFiles/car_green.dir/Core/Src/stm32f1xx_it.c.obj
                0x08005558                DebugMon_Handler
 .text.PendSV_Handler
                0x08005564        0xc CMakeFiles/car_green.dir/Core/Src/stm32f1xx_it.c.obj
                0x08005564                PendSV_Handler
 .text.SysTick_Handler
                0x08005570        0xc CMakeFiles/car_green.dir/Core/Src/stm32f1xx_it.c.obj
                0x08005570                SysTick_Handler
 .text.EXTI1_IRQHandler
                0x0800557c        0xe CMakeFiles/car_green.dir/Core/Src/stm32f1xx_it.c.obj
                0x0800557c                EXTI1_IRQHandler
 *fill*         0x0800558a        0x2 
 .text.DMA1_Channel2_IRQHandler
                0x0800558c       0x14 CMakeFiles/car_green.dir/Core/Src/stm32f1xx_it.c.obj
                0x0800558c                DMA1_Channel2_IRQHandler
 .text.DMA1_Channel3_IRQHandler
                0x080055a0       0x14 CMakeFiles/car_green.dir/Core/Src/stm32f1xx_it.c.obj
                0x080055a0                DMA1_Channel3_IRQHandler
 .text.TIM1_UP_IRQHandler
                0x080055b4       0x14 CMakeFiles/car_green.dir/Core/Src/stm32f1xx_it.c.obj
                0x080055b4                TIM1_UP_IRQHandler
 .text.USART3_IRQHandler
                0x080055c8       0x14 CMakeFiles/car_green.dir/Core/Src/stm32f1xx_it.c.obj
                0x080055c8                USART3_IRQHandler
 .text.HAL_MspInit
                0x080055dc       0x64 CMakeFiles/car_green.dir/Core/Src/stm32f1xx_hal_msp.c.obj
                0x080055dc                HAL_MspInit
 .text.HAL_I2C_Init
                0x08005640      0x288 CMakeFiles/car_green.dir/Drivers/STM32F1xx_HAL_Driver/Src/stm32f1xx_hal_i2c.c.obj
                0x08005640                HAL_I2C_Init
 .text.HAL_Init
                0x080058c8       0x2c CMakeFiles/car_green.dir/Drivers/STM32F1xx_HAL_Driver/Src/stm32f1xx_hal.c.obj
                0x080058c8                HAL_Init
 .text.HAL_InitTick
                0x080058f4       0x60 CMakeFiles/car_green.dir/Drivers/STM32F1xx_HAL_Driver/Src/stm32f1xx_hal.c.obj
                0x080058f4                HAL_InitTick
 .text.HAL_IncTick
                0x08005954       0x24 CMakeFiles/car_green.dir/Drivers/STM32F1xx_HAL_Driver/Src/stm32f1xx_hal.c.obj
                0x08005954                HAL_IncTick
 .text.HAL_GetTick
                0x08005978       0x14 CMakeFiles/car_green.dir/Drivers/STM32F1xx_HAL_Driver/Src/stm32f1xx_hal.c.obj
                0x08005978                HAL_GetTick
 .text.HAL_Delay
                0x0800598c       0x48 CMakeFiles/car_green.dir/Drivers/STM32F1xx_HAL_Driver/Src/stm32f1xx_hal.c.obj
                0x0800598c                HAL_Delay
 .text.HAL_RCC_OscConfig
                0x080059d4      0x504 CMakeFiles/car_green.dir/Drivers/STM32F1xx_HAL_Driver/Src/stm32f1xx_hal_rcc.c.obj
                0x080059d4                HAL_RCC_OscConfig
 .text.HAL_RCC_ClockConfig
                0x08005ed8      0x1d4 CMakeFiles/car_green.dir/Drivers/STM32F1xx_HAL_Driver/Src/stm32f1xx_hal_rcc.c.obj
                0x08005ed8                HAL_RCC_ClockConfig
 .text.HAL_RCC_GetSysClockFreq
                0x080060ac       0xa8 CMakeFiles/car_green.dir/Drivers/STM32F1xx_HAL_Driver/Src/stm32f1xx_hal_rcc.c.obj
                0x080060ac                HAL_RCC_GetSysClockFreq
 .text.HAL_RCC_GetHCLKFreq
                0x08006154       0x14 CMakeFiles/car_green.dir/Drivers/STM32F1xx_HAL_Driver/Src/stm32f1xx_hal_rcc.c.obj
                0x08006154                HAL_RCC_GetHCLKFreq
 .text.HAL_RCC_GetPCLK1Freq
                0x08006168       0x28 CMakeFiles/car_green.dir/Drivers/STM32F1xx_HAL_Driver/Src/stm32f1xx_hal_rcc.c.obj
                0x08006168                HAL_RCC_GetPCLK1Freq
 .text.HAL_RCC_GetPCLK2Freq
                0x08006190       0x28 CMakeFiles/car_green.dir/Drivers/STM32F1xx_HAL_Driver/Src/stm32f1xx_hal_rcc.c.obj
                0x08006190                HAL_RCC_GetPCLK2Freq
 .text.RCC_Delay
                0x080061b8       0x3c CMakeFiles/car_green.dir/Drivers/STM32F1xx_HAL_Driver/Src/stm32f1xx_hal_rcc.c.obj
 .text.HAL_GPIO_Init
                0x080061f4      0x308 CMakeFiles/car_green.dir/Drivers/STM32F1xx_HAL_Driver/Src/stm32f1xx_hal_gpio.c.obj
                0x080061f4                HAL_GPIO_Init
 .text.HAL_GPIO_ReadPin
                0x080064fc       0x2e CMakeFiles/car_green.dir/Drivers/STM32F1xx_HAL_Driver/Src/stm32f1xx_hal_gpio.c.obj
                0x080064fc                HAL_GPIO_ReadPin
 .text.HAL_GPIO_WritePin
                0x0800652a       0x30 CMakeFiles/car_green.dir/Drivers/STM32F1xx_HAL_Driver/Src/stm32f1xx_hal_gpio.c.obj
                0x0800652a                HAL_GPIO_WritePin
 *fill*         0x0800655a        0x2 
 .text.HAL_GPIO_EXTI_IRQHandler
                0x0800655c       0x30 CMakeFiles/car_green.dir/Drivers/STM32F1xx_HAL_Driver/Src/stm32f1xx_hal_gpio.c.obj
                0x0800655c                HAL_GPIO_EXTI_IRQHandler
 .text.HAL_GPIO_EXTI_Callback
                0x0800658c       0x14 CMakeFiles/car_green.dir/Drivers/STM32F1xx_HAL_Driver/Src/stm32f1xx_hal_gpio.c.obj
                0x0800658c                HAL_GPIO_EXTI_Callback
 .text.HAL_DMA_Init
                0x080065a0       0xb4 CMakeFiles/car_green.dir/Drivers/STM32F1xx_HAL_Driver/Src/stm32f1xx_hal_dma.c.obj
                0x080065a0                HAL_DMA_Init
 .text.HAL_DMA_Start_IT
                0x08006654       0xc0 CMakeFiles/car_green.dir/Drivers/STM32F1xx_HAL_Driver/Src/stm32f1xx_hal_dma.c.obj
                0x08006654                HAL_DMA_Start_IT
 .text.HAL_DMA_Abort
                0x08006714       0x76 CMakeFiles/car_green.dir/Drivers/STM32F1xx_HAL_Driver/Src/stm32f1xx_hal_dma.c.obj
                0x08006714                HAL_DMA_Abort
 *fill*         0x0800678a        0x2 
 .text.HAL_DMA_Abort_IT
                0x0800678c       0xf0 CMakeFiles/car_green.dir/Drivers/STM32F1xx_HAL_Driver/Src/stm32f1xx_hal_dma.c.obj
                0x0800678c                HAL_DMA_Abort_IT
 .text.HAL_DMA_IRQHandler
                0x0800687c      0x20c CMakeFiles/car_green.dir/Drivers/STM32F1xx_HAL_Driver/Src/stm32f1xx_hal_dma.c.obj
                0x0800687c                HAL_DMA_IRQHandler
 .text.DMA_SetConfig
                0x08006a88       0x5a CMakeFiles/car_green.dir/Drivers/STM32F1xx_HAL_Driver/Src/stm32f1xx_hal_dma.c.obj
 *fill*         0x08006ae2        0x2 
 .text.__NVIC_SetPriorityGrouping
                0x08006ae4       0x48 CMakeFiles/car_green.dir/Drivers/STM32F1xx_HAL_Driver/Src/stm32f1xx_hal_cortex.c.obj
 .text.__NVIC_GetPriorityGrouping
                0x08006b2c       0x1c CMakeFiles/car_green.dir/Drivers/STM32F1xx_HAL_Driver/Src/stm32f1xx_hal_cortex.c.obj
 .text.__NVIC_EnableIRQ
                0x08006b48       0x38 CMakeFiles/car_green.dir/Drivers/STM32F1xx_HAL_Driver/Src/stm32f1xx_hal_cortex.c.obj
 .text.__NVIC_SetPriority
                0x08006b80       0x54 CMakeFiles/car_green.dir/Drivers/STM32F1xx_HAL_Driver/Src/stm32f1xx_hal_cortex.c.obj
 .text.NVIC_EncodePriority
                0x08006bd4       0x64 CMakeFiles/car_green.dir/Drivers/STM32F1xx_HAL_Driver/Src/stm32f1xx_hal_cortex.c.obj
 .text.SysTick_Config
                0x08006c38       0x44 CMakeFiles/car_green.dir/Drivers/STM32F1xx_HAL_Driver/Src/stm32f1xx_hal_cortex.c.obj
 .text.HAL_NVIC_SetPriorityGrouping
                0x08006c7c       0x16 CMakeFiles/car_green.dir/Drivers/STM32F1xx_HAL_Driver/Src/stm32f1xx_hal_cortex.c.obj
                0x08006c7c                HAL_NVIC_SetPriorityGrouping
 .text.HAL_NVIC_SetPriority
                0x08006c92       0x38 CMakeFiles/car_green.dir/Drivers/STM32F1xx_HAL_Driver/Src/stm32f1xx_hal_cortex.c.obj
                0x08006c92                HAL_NVIC_SetPriority
 .text.HAL_NVIC_EnableIRQ
                0x08006cca       0x1c CMakeFiles/car_green.dir/Drivers/STM32F1xx_HAL_Driver/Src/stm32f1xx_hal_cortex.c.obj
                0x08006cca                HAL_NVIC_EnableIRQ
 .text.HAL_SYSTICK_Config
                0x08006ce6       0x18 CMakeFiles/car_green.dir/Drivers/STM32F1xx_HAL_Driver/Src/stm32f1xx_hal_cortex.c.obj
                0x08006ce6                HAL_SYSTICK_Config
 .text.HAL_TIM_Base_Init
                0x08006cfe       0x9e CMakeFiles/car_green.dir/Drivers/STM32F1xx_HAL_Driver/Src/stm32f1xx_hal_tim.c.obj
                0x08006cfe                HAL_TIM_Base_Init
 .text.HAL_TIM_Base_Start_IT
                0x08006d9c       0xa4 CMakeFiles/car_green.dir/Drivers/STM32F1xx_HAL_Driver/Src/stm32f1xx_hal_tim.c.obj
                0x08006d9c                HAL_TIM_Base_Start_IT
 .text.HAL_TIM_PWM_Init
                0x08006e40       0x9e CMakeFiles/car_green.dir/Drivers/STM32F1xx_HAL_Driver/Src/stm32f1xx_hal_tim.c.obj
                0x08006e40                HAL_TIM_PWM_Init
 .text.HAL_TIM_PWM_MspInit
                0x08006ede       0x12 CMakeFiles/car_green.dir/Drivers/STM32F1xx_HAL_Driver/Src/stm32f1xx_hal_tim.c.obj
                0x08006ede                HAL_TIM_PWM_MspInit
 .text.HAL_TIM_PWM_Start
                0x08006ef0      0x144 CMakeFiles/car_green.dir/Drivers/STM32F1xx_HAL_Driver/Src/stm32f1xx_hal_tim.c.obj
                0x08006ef0                HAL_TIM_PWM_Start
 .text.HAL_TIM_Encoder_Init
                0x08007034      0x144 CMakeFiles/car_green.dir/Drivers/STM32F1xx_HAL_Driver/Src/stm32f1xx_hal_tim.c.obj
                0x08007034                HAL_TIM_Encoder_Init
 .text.HAL_TIM_Encoder_Start
                0x08007178      0x11c CMakeFiles/car_green.dir/Drivers/STM32F1xx_HAL_Driver/Src/stm32f1xx_hal_tim.c.obj
                0x08007178                HAL_TIM_Encoder_Start
 .text.HAL_TIM_IRQHandler
                0x08007294      0x1e0 CMakeFiles/car_green.dir/Drivers/STM32F1xx_HAL_Driver/Src/stm32f1xx_hal_tim.c.obj
                0x08007294                HAL_TIM_IRQHandler
 .text.HAL_TIM_PWM_ConfigChannel
                0x08007474      0x184 CMakeFiles/car_green.dir/Drivers/STM32F1xx_HAL_Driver/Src/stm32f1xx_hal_tim.c.obj
                0x08007474                HAL_TIM_PWM_ConfigChannel
 .text.HAL_TIM_ConfigClockSource
                0x080075f8      0x18e CMakeFiles/car_green.dir/Drivers/STM32F1xx_HAL_Driver/Src/stm32f1xx_hal_tim.c.obj
                0x080075f8                HAL_TIM_ConfigClockSource
 .text.HAL_TIM_OC_DelayElapsedCallback
                0x08007786       0x12 CMakeFiles/car_green.dir/Drivers/STM32F1xx_HAL_Driver/Src/stm32f1xx_hal_tim.c.obj
                0x08007786                HAL_TIM_OC_DelayElapsedCallback
 .text.HAL_TIM_IC_CaptureCallback
                0x08007798       0x12 CMakeFiles/car_green.dir/Drivers/STM32F1xx_HAL_Driver/Src/stm32f1xx_hal_tim.c.obj
                0x08007798                HAL_TIM_IC_CaptureCallback
 .text.HAL_TIM_PWM_PulseFinishedCallback
                0x080077aa       0x12 CMakeFiles/car_green.dir/Drivers/STM32F1xx_HAL_Driver/Src/stm32f1xx_hal_tim.c.obj
                0x080077aa                HAL_TIM_PWM_PulseFinishedCallback
 .text.HAL_TIM_TriggerCallback
                0x080077bc       0x12 CMakeFiles/car_green.dir/Drivers/STM32F1xx_HAL_Driver/Src/stm32f1xx_hal_tim.c.obj
                0x080077bc                HAL_TIM_TriggerCallback
 *fill*         0x080077ce        0x2 
 .text.TIM_Base_SetConfig
                0x080077d0       0xdc CMakeFiles/car_green.dir/Drivers/STM32F1xx_HAL_Driver/Src/stm32f1xx_hal_tim.c.obj
                0x080077d0                TIM_Base_SetConfig
 .text.TIM_OC1_SetConfig
                0x080078ac       0xcc CMakeFiles/car_green.dir/Drivers/STM32F1xx_HAL_Driver/Src/stm32f1xx_hal_tim.c.obj
 .text.TIM_OC2_SetConfig
                0x08007978       0xd4 CMakeFiles/car_green.dir/Drivers/STM32F1xx_HAL_Driver/Src/stm32f1xx_hal_tim.c.obj
                0x08007978                TIM_OC2_SetConfig
 .text.TIM_OC3_SetConfig
                0x08007a4c       0xd4 CMakeFiles/car_green.dir/Drivers/STM32F1xx_HAL_Driver/Src/stm32f1xx_hal_tim.c.obj
 .text.TIM_OC4_SetConfig
                0x08007b20       0x9c CMakeFiles/car_green.dir/Drivers/STM32F1xx_HAL_Driver/Src/stm32f1xx_hal_tim.c.obj
 .text.TIM_TI1_ConfigInputStage
                0x08007bbc       0x5c CMakeFiles/car_green.dir/Drivers/STM32F1xx_HAL_Driver/Src/stm32f1xx_hal_tim.c.obj
 .text.TIM_TI2_ConfigInputStage
                0x08007c18       0x5e CMakeFiles/car_green.dir/Drivers/STM32F1xx_HAL_Driver/Src/stm32f1xx_hal_tim.c.obj
 .text.TIM_ITRx_SetConfig
                0x08007c76       0x34 CMakeFiles/car_green.dir/Drivers/STM32F1xx_HAL_Driver/Src/stm32f1xx_hal_tim.c.obj
 .text.TIM_ETR_SetConfig
                0x08007caa       0x3e CMakeFiles/car_green.dir/Drivers/STM32F1xx_HAL_Driver/Src/stm32f1xx_hal_tim.c.obj
                0x08007caa                TIM_ETR_SetConfig
 .text.TIM_CCxChannelCmd
                0x08007ce8       0x48 CMakeFiles/car_green.dir/Drivers/STM32F1xx_HAL_Driver/Src/stm32f1xx_hal_tim.c.obj
                0x08007ce8                TIM_CCxChannelCmd
 .text.HAL_TIMEx_MasterConfigSynchronization
                0x08007d30       0xbc CMakeFiles/car_green.dir/Drivers/STM32F1xx_HAL_Driver/Src/stm32f1xx_hal_tim_ex.c.obj
                0x08007d30                HAL_TIMEx_MasterConfigSynchronization
 .text.HAL_TIMEx_CommutCallback
                0x08007dec       0x12 CMakeFiles/car_green.dir/Drivers/STM32F1xx_HAL_Driver/Src/stm32f1xx_hal_tim_ex.c.obj
                0x08007dec                HAL_TIMEx_CommutCallback
 .text.HAL_TIMEx_BreakCallback
                0x08007dfe       0x12 CMakeFiles/car_green.dir/Drivers/STM32F1xx_HAL_Driver/Src/stm32f1xx_hal_tim_ex.c.obj
                0x08007dfe                HAL_TIMEx_BreakCallback
 .text.HAL_UART_Init
                0x08007e10       0xa0 CMakeFiles/car_green.dir/Drivers/STM32F1xx_HAL_Driver/Src/stm32f1xx_hal_uart.c.obj
                0x08007e10                HAL_UART_Init
 .text.HAL_UART_Transmit_DMA
                0x08007eb0       0xe0 CMakeFiles/car_green.dir/Drivers/STM32F1xx_HAL_Driver/Src/stm32f1xx_hal_uart.c.obj
                0x08007eb0                HAL_UART_Transmit_DMA
 .text.HAL_UARTEx_ReceiveToIdle_DMA
                0x08007f90       0xb2 CMakeFiles/car_green.dir/Drivers/STM32F1xx_HAL_Driver/Src/stm32f1xx_hal_uart.c.obj
                0x08007f90                HAL_UARTEx_ReceiveToIdle_DMA
 *fill*         0x08008042        0x2 
 .text.HAL_UART_IRQHandler
                0x08008044      0x524 CMakeFiles/car_green.dir/Drivers/STM32F1xx_HAL_Driver/Src/stm32f1xx_hal_uart.c.obj
                0x08008044                HAL_UART_IRQHandler
 .text.HAL_UART_TxCpltCallback
                0x08008568       0x12 CMakeFiles/car_green.dir/Drivers/STM32F1xx_HAL_Driver/Src/stm32f1xx_hal_uart.c.obj
                0x08008568                HAL_UART_TxCpltCallback
 .text.HAL_UART_TxHalfCpltCallback
                0x0800857a       0x12 CMakeFiles/car_green.dir/Drivers/STM32F1xx_HAL_Driver/Src/stm32f1xx_hal_uart.c.obj
                0x0800857a                HAL_UART_TxHalfCpltCallback
 .text.HAL_UART_RxCpltCallback
                0x0800858c       0x12 CMakeFiles/car_green.dir/Drivers/STM32F1xx_HAL_Driver/Src/stm32f1xx_hal_uart.c.obj
                0x0800858c                HAL_UART_RxCpltCallback
 .text.HAL_UART_RxHalfCpltCallback
                0x0800859e       0x12 CMakeFiles/car_green.dir/Drivers/STM32F1xx_HAL_Driver/Src/stm32f1xx_hal_uart.c.obj
                0x0800859e                HAL_UART_RxHalfCpltCallback
 .text.HAL_UART_ErrorCallback
                0x080085b0       0x12 CMakeFiles/car_green.dir/Drivers/STM32F1xx_HAL_Driver/Src/stm32f1xx_hal_uart.c.obj
                0x080085b0                HAL_UART_ErrorCallback
 .text.UART_DMATransmitCplt
                0x080085c2       0x9a CMakeFiles/car_green.dir/Drivers/STM32F1xx_HAL_Driver/Src/stm32f1xx_hal_uart.c.obj
 .text.UART_DMATxHalfCplt
                0x0800865c       0x1c CMakeFiles/car_green.dir/Drivers/STM32F1xx_HAL_Driver/Src/stm32f1xx_hal_uart.c.obj
 .text.UART_DMAReceiveCplt
                0x08008678      0x12c CMakeFiles/car_green.dir/Drivers/STM32F1xx_HAL_Driver/Src/stm32f1xx_hal_uart.c.obj
 .text.UART_DMARxHalfCplt
                0x080087a4       0x3c CMakeFiles/car_green.dir/Drivers/STM32F1xx_HAL_Driver/Src/stm32f1xx_hal_uart.c.obj
 .text.UART_DMAError
                0x080087e0       0x94 CMakeFiles/car_green.dir/Drivers/STM32F1xx_HAL_Driver/Src/stm32f1xx_hal_uart.c.obj
 .text.UART_Start_Receive_DMA
                0x08008874      0x134 CMakeFiles/car_green.dir/Drivers/STM32F1xx_HAL_Driver/Src/stm32f1xx_hal_uart.c.obj
                0x08008874                UART_Start_Receive_DMA
 .text.UART_EndTxTransfer
                0x080089a8       0x4e CMakeFiles/car_green.dir/Drivers/STM32F1xx_HAL_Driver/Src/stm32f1xx_hal_uart.c.obj
 .text.UART_EndRxTransfer
                0x080089f6       0xc4 CMakeFiles/car_green.dir/Drivers/STM32F1xx_HAL_Driver/Src/stm32f1xx_hal_uart.c.obj
 .text.UART_DMAAbortOnError
                0x08008aba       0x28 CMakeFiles/car_green.dir/Drivers/STM32F1xx_HAL_Driver/Src/stm32f1xx_hal_uart.c.obj
 .text.UART_Transmit_IT
                0x08008ae2       0x9e CMakeFiles/car_green.dir/Drivers/STM32F1xx_HAL_Driver/Src/stm32f1xx_hal_uart.c.obj
 .text.UART_EndTransmit_IT
                0x08008b80       0x30 CMakeFiles/car_green.dir/Drivers/STM32F1xx_HAL_Driver/Src/stm32f1xx_hal_uart.c.obj
 .text.UART_Receive_IT
                0x08008bb0      0x17c CMakeFiles/car_green.dir/Drivers/STM32F1xx_HAL_Driver/Src/stm32f1xx_hal_uart.c.obj
 .text.UART_SetConfig
                0x08008d2c      0x11c CMakeFiles/car_green.dir/Drivers/STM32F1xx_HAL_Driver/Src/stm32f1xx_hal_uart.c.obj
 .text.SystemInit
                0x08008e48        0xc CMakeFiles/car_green.dir/Core/Src/system_stm32f1xx.c.obj
                0x08008e48                SystemInit
 .text._sbrk    0x08008e54       0x6c CMakeFiles/car_green.dir/Core/Src/sysmem.c.obj
                0x08008e54                _sbrk
 .text._getpid  0x08008ec0        0xe CMakeFiles/car_green.dir/Core/Src/syscalls.c.obj
                0x08008ec0                _getpid
 .text._kill    0x08008ece       0x20 CMakeFiles/car_green.dir/Core/Src/syscalls.c.obj
                0x08008ece                _kill
 .text._exit    0x08008eee       0x16 CMakeFiles/car_green.dir/Core/Src/syscalls.c.obj
                0x08008eee                _exit
 .text._read    0x08008f04       0x3a CMakeFiles/car_green.dir/Core/Src/syscalls.c.obj
                0x08008f04                _read
 .text._write   0x08008f3e       0x38 CMakeFiles/car_green.dir/Core/Src/syscalls.c.obj
                0x08008f3e                _write
 .text._close   0x08008f76       0x16 CMakeFiles/car_green.dir/Core/Src/syscalls.c.obj
                0x08008f76                _close
 .text._fstat   0x08008f8c       0x1e CMakeFiles/car_green.dir/Core/Src/syscalls.c.obj
                0x08008f8c                _fstat
 .text._isatty  0x08008faa       0x14 CMakeFiles/car_green.dir/Core/Src/syscalls.c.obj
                0x08008faa                _isatty
 .text._lseek   0x08008fbe       0x18 CMakeFiles/car_green.dir/Core/Src/syscalls.c.obj
                0x08008fbe                _lseek
 *fill*         0x08008fd6        0x2 
 .text.Reset_Handler
                0x08008fd8       0x48 CMakeFiles/car_green.dir/startup_stm32f103xb.s.obj
                0x08008fd8                Reset_Handler
 .text.Default_Handler
                0x08009020        0x2 CMakeFiles/car_green.dir/startup_stm32f103xb.s.obj
                0x08009020                RTC_Alarm_IRQHandler
                0x08009020                EXTI2_IRQHandler
                0x08009020                TIM1_CC_IRQHandler
                0x08009020                PVD_IRQHandler
                0x08009020                EXTI3_IRQHandler
                0x08009020                EXTI0_IRQHandler
                0x08009020                I2C2_EV_IRQHandler
                0x08009020                ADC1_2_IRQHandler
                0x08009020                SPI1_IRQHandler
                0x08009020                TAMPER_IRQHandler
                0x08009020                DMA1_Channel4_IRQHandler
                0x08009020                RTC_IRQHandler
                0x08009020                DMA1_Channel7_IRQHandler
                0x08009020                CAN1_RX1_IRQHandler
                0x08009020                TIM4_IRQHandler
                0x08009020                I2C1_EV_IRQHandler
                0x08009020                DMA1_Channel6_IRQHandler
                0x08009020                TIM3_IRQHandler
                0x08009020                RCC_IRQHandler
                0x08009020                TIM1_TRG_COM_IRQHandler
                0x08009020                DMA1_Channel1_IRQHandler
                0x08009020                Default_Handler
                0x08009020                EXTI15_10_IRQHandler
                0x08009020                EXTI9_5_IRQHandler
                0x08009020                SPI2_IRQHandler
                0x08009020                DMA1_Channel5_IRQHandler
                0x08009020                EXTI4_IRQHandler
                0x08009020                USB_LP_CAN1_RX0_IRQHandler
                0x08009020                USB_HP_CAN1_TX_IRQHandler
                0x08009020                WWDG_IRQHandler
                0x08009020                TIM2_IRQHandler
                0x08009020                TIM1_BRK_IRQHandler
                0x08009020                USART2_IRQHandler
                0x08009020                I2C2_ER_IRQHandler
                0x08009020                CAN1_SCE_IRQHandler
                0x08009020                FLASH_IRQHandler
                0x08009020                USART1_IRQHandler
                0x08009020                I2C1_ER_IRQHandler
                0x08009020                USBWakeUp_IRQHandler
 .text._ZdlPvj  0x08009022        0x4 C:/ST/STM32CubeIDE_1.17.0/STM32CubeIDE/plugins/com.st.stm32cube.ide.mcu.externaltools.gnu-tools-for-stm32.12.3.rel1.win32_1.1.0.202410251130/tools/bin/../lib/gcc/arm-none-eabi/12.3.1/../../../../arm-none-eabi/lib/thumb/v7-m/nofp\libstdc++_nano.a(del_ops.o)
                0x08009022                operator delete(void*, unsigned int)
 .text._Znwj    0x08009026       0x22 C:/ST/STM32CubeIDE_1.17.0/STM32CubeIDE/plugins/com.st.stm32cube.ide.mcu.externaltools.gnu-tools-for-stm32.12.3.rel1.win32_1.1.0.202410251130/tools/bin/../lib/gcc/arm-none-eabi/12.3.1/../../../../arm-none-eabi/lib/thumb/v7-m/nofp\libstdc++_nano.a(new_op.o)
                0x08009026                operator new(unsigned int)
 .text.unlikely._ZSt17__throw_bad_allocv
                0x08009048        0x6 C:/ST/STM32CubeIDE_1.17.0/STM32CubeIDE/plugins/com.st.stm32cube.ide.mcu.externaltools.gnu-tools-for-stm32.12.3.rel1.win32_1.1.0.202410251130/tools/bin/../lib/gcc/arm-none-eabi/12.3.1/../../../../arm-none-eabi/lib/thumb/v7-m/nofp\libstdc++_nano.a(functexcept.o)
                0x08009048                std::__throw_bad_alloc()
 .text.unlikely._ZSt28__throw_bad_array_new_lengthv
                0x0800904e        0x6 C:/ST/STM32CubeIDE_1.17.0/STM32CubeIDE/plugins/com.st.stm32cube.ide.mcu.externaltools.gnu-tools-for-stm32.12.3.rel1.win32_1.1.0.202410251130/tools/bin/../lib/gcc/arm-none-eabi/12.3.1/../../../../arm-none-eabi/lib/thumb/v7-m/nofp\libstdc++_nano.a(functexcept.o)
                0x0800904e                std::__throw_bad_array_new_length()
 .text._ZdlPv   0x08009054        0x4 C:/ST/STM32CubeIDE_1.17.0/STM32CubeIDE/plugins/com.st.stm32cube.ide.mcu.externaltools.gnu-tools-for-stm32.12.3.rel1.win32_1.1.0.202410251130/tools/bin/../lib/gcc/arm-none-eabi/12.3.1/../../../../arm-none-eabi/lib/thumb/v7-m/nofp\libstdc++_nano.a(del_op.o)
                0x08009054                operator delete(void*)
 .text._ZSt15get_new_handlerv
                0x08009058       0x10 C:/ST/STM32CubeIDE_1.17.0/STM32CubeIDE/plugins/com.st.stm32cube.ide.mcu.externaltools.gnu-tools-for-stm32.12.3.rel1.win32_1.1.0.202410251130/tools/bin/../lib/gcc/arm-none-eabi/12.3.1/../../../../arm-none-eabi/lib/thumb/v7-m/nofp\libstdc++_nano.a(new_handler.o)
                0x08009058                std::get_new_handler()
 .text.sprintf  0x08009068       0x40 C:/ST/STM32CubeIDE_1.17.0/STM32CubeIDE/plugins/com.st.stm32cube.ide.mcu.externaltools.gnu-tools-for-stm32.12.3.rel1.win32_1.1.0.202410251130/tools/bin/../lib/gcc/arm-none-eabi/12.3.1/../../../../arm-none-eabi/lib/thumb/v7-m/nofp\libc_nano.a(libc_a-sprintf.o)
                0x08009068                siprintf
                0x08009068                sprintf
 .text.__errno  0x080090a8        0xc C:/ST/STM32CubeIDE_1.17.0/STM32CubeIDE/plugins/com.st.stm32cube.ide.mcu.externaltools.gnu-tools-for-stm32.12.3.rel1.win32_1.1.0.202410251130/tools/bin/../lib/gcc/arm-none-eabi/12.3.1/../../../../arm-none-eabi/lib/thumb/v7-m/nofp\libc_nano.a(libc_a-errno.o)
                0x080090a8                __errno
 .text.__ssputs_r
                0x080090b4       0xb6 C:/ST/STM32CubeIDE_1.17.0/STM32CubeIDE/plugins/com.st.stm32cube.ide.mcu.externaltools.gnu-tools-for-stm32.12.3.rel1.win32_1.1.0.202410251130/tools/bin/../lib/gcc/arm-none-eabi/12.3.1/../../../../arm-none-eabi/lib/thumb/v7-m/nofp\libc_nano.a(libc_a-nano-svfprintf.o)
                0x080090b4                __ssputs_r
 *fill*         0x0800916a        0x2 
 .text._svfprintf_r
                0x0800916c      0x1f8 C:/ST/STM32CubeIDE_1.17.0/STM32CubeIDE/plugins/com.st.stm32cube.ide.mcu.externaltools.gnu-tools-for-stm32.12.3.rel1.win32_1.1.0.202410251130/tools/bin/../lib/gcc/arm-none-eabi/12.3.1/../../../../arm-none-eabi/lib/thumb/v7-m/nofp\libc_nano.a(libc_a-nano-svfprintf.o)
                0x0800916c                _svfiprintf_r
                0x0800916c                _svfprintf_r
 *(.glue_7)
 .glue_7        0x08009364        0x0 linker stubs
 *(.glue_7t)
 .glue_7t       0x08009364        0x0 linker stubs
 *(.eh_frame)
 .eh_frame      0x08009364        0x0 C:/ST/STM32CubeIDE_1.17.0/STM32CubeIDE/plugins/com.st.stm32cube.ide.mcu.externaltools.gnu-tools-for-stm32.12.3.rel1.win32_1.1.0.202410251130/tools/bin/../lib/gcc/arm-none-eabi/12.3.1/thumb/v7-m/nofp/crtbegin.o
 *(.init)
 .init          0x08009364        0x4 C:/ST/STM32CubeIDE_1.17.0/STM32CubeIDE/plugins/com.st.stm32cube.ide.mcu.externaltools.gnu-tools-for-stm32.12.3.rel1.win32_1.1.0.202410251130/tools/bin/../lib/gcc/arm-none-eabi/12.3.1/thumb/v7-m/nofp/crti.o
                0x08009364                _init
 .init          0x08009368        0x8 C:/ST/STM32CubeIDE_1.17.0/STM32CubeIDE/plugins/com.st.stm32cube.ide.mcu.externaltools.gnu-tools-for-stm32.12.3.rel1.win32_1.1.0.202410251130/tools/bin/../lib/gcc/arm-none-eabi/12.3.1/thumb/v7-m/nofp/crtn.o
 *(.fini)
 .fini          0x08009370        0x4 C:/ST/STM32CubeIDE_1.17.0/STM32CubeIDE/plugins/com.st.stm32cube.ide.mcu.externaltools.gnu-tools-for-stm32.12.3.rel1.win32_1.1.0.202410251130/tools/bin/../lib/gcc/arm-none-eabi/12.3.1/thumb/v7-m/nofp/crti.o
                0x08009370                _fini
 .fini          0x08009374        0x8 C:/ST/STM32CubeIDE_1.17.0/STM32CubeIDE/plugins/com.st.stm32cube.ide.mcu.externaltools.gnu-tools-for-stm32.12.3.rel1.win32_1.1.0.202410251130/tools/bin/../lib/gcc/arm-none-eabi/12.3.1/thumb/v7-m/nofp/crtn.o
                0x0800937c                        . = ALIGN (0x4)
                0x0800937c                        _etext = .

.vfp11_veneer   0x0800937c        0x0
 .vfp11_veneer  0x0800937c        0x0 linker stubs

.v4_bx          0x0800937c        0x0
 .v4_bx         0x0800937c        0x0 linker stubs

.iplt           0x0800937c        0x0
 .iplt          0x0800937c        0x0 C:/ST/STM32CubeIDE_1.17.0/STM32CubeIDE/plugins/com.st.stm32cube.ide.mcu.externaltools.gnu-tools-for-stm32.12.3.rel1.win32_1.1.0.202410251130/tools/bin/../lib/gcc/arm-none-eabi/12.3.1/thumb/v7-m/nofp/crtbegin.o

.rodata         0x08009380      0x9d4
                0x08009380                        . = ALIGN (0x4)
 *(.rodata)
 .rodata        0x08009380       0x17 CMakeFiles/car_green.dir/Core/Src/state_machine.c.obj
 *fill*         0x08009397        0x1 
 .rodata        0x08009398       0x2e CMakeFiles/car_green.dir/Core/Src/oled_dispaly.c.obj
 *(.rodata*)
 .rodata._printf_float.str1.1
                0x080093c6       0x12 C:/ST/STM32CubeIDE_1.17.0/STM32CubeIDE/plugins/com.st.stm32cube.ide.mcu.externaltools.gnu-tools-for-stm32.12.3.rel1.win32_1.1.0.202410251130/tools/bin/../lib/gcc/arm-none-eabi/12.3.1/../../../../arm-none-eabi/lib/thumb/v7-m/nofp\libc_nano.a(libc_a-nano-vfprintf_float.o)
 .rodata._printf_i.str1.1
                0x080093d8       0x22 C:/ST/STM32CubeIDE_1.17.0/STM32CubeIDE/plugins/com.st.stm32cube.ide.mcu.externaltools.gnu-tools-for-stm32.12.3.rel1.win32_1.1.0.202410251130/tools/bin/../lib/gcc/arm-none-eabi/12.3.1/../../../../arm-none-eabi/lib/thumb/v7-m/nofp\libc_nano.a(libc_a-nano-vfprintf_i.o)
 .rodata._dtoa_r.str1.1
                0x080093fa       0x8d C:/ST/STM32CubeIDE_1.17.0/STM32CubeIDE/plugins/com.st.stm32cube.ide.mcu.externaltools.gnu-tools-for-stm32.12.3.rel1.win32_1.1.0.202410251130/tools/bin/../lib/gcc/arm-none-eabi/12.3.1/../../../../arm-none-eabi/lib/thumb/v7-m/nofp\libc_nano.a(libc_a-dtoa.o)
                                 0x8f (size before relaxing)
 .rodata._Balloc.str1.1
                0x08009487       0x59 C:/ST/STM32CubeIDE_1.17.0/STM32CubeIDE/plugins/com.st.stm32cube.ide.mcu.externaltools.gnu-tools-for-stm32.12.3.rel1.win32_1.1.0.202410251130/tools/bin/../lib/gcc/arm-none-eabi/12.3.1/../../../../arm-none-eabi/lib/thumb/v7-m/nofp\libc_nano.a(libc_a-mprec.o)
                                 0x70 (size before relaxing)
 .rodata.__multadd.str1.1
                0x080094e0       0x11 C:/ST/STM32CubeIDE_1.17.0/STM32CubeIDE/plugins/com.st.stm32cube.ide.mcu.externaltools.gnu-tools-for-stm32.12.3.rel1.win32_1.1.0.202410251130/tools/bin/../lib/gcc/arm-none-eabi/12.3.1/../../../../arm-none-eabi/lib/thumb/v7-m/nofp\libc_nano.a(libc_a-mprec.o)
 .rodata.p05.0  0x080094e0        0xc C:/ST/STM32CubeIDE_1.17.0/STM32CubeIDE/plugins/com.st.stm32cube.ide.mcu.externaltools.gnu-tools-for-stm32.12.3.rel1.win32_1.1.0.202410251130/tools/bin/../lib/gcc/arm-none-eabi/12.3.1/../../../../arm-none-eabi/lib/thumb/v7-m/nofp\libc_nano.a(libc_a-mprec.o)
 *fill*         0x080094ec        0x4 
 .rodata.__mprec_bigtens
                0x080094f0       0x28 C:/ST/STM32CubeIDE_1.17.0/STM32CubeIDE/plugins/com.st.stm32cube.ide.mcu.externaltools.gnu-tools-for-stm32.12.3.rel1.win32_1.1.0.202410251130/tools/bin/../lib/gcc/arm-none-eabi/12.3.1/../../../../arm-none-eabi/lib/thumb/v7-m/nofp\libc_nano.a(libc_a-mprec.o)
                0x080094f0                __mprec_bigtens
 .rodata.__mprec_tens
                0x08009518       0xc8 C:/ST/STM32CubeIDE_1.17.0/STM32CubeIDE/plugins/com.st.stm32cube.ide.mcu.externaltools.gnu-tools-for-stm32.12.3.rel1.win32_1.1.0.202410251130/tools/bin/../lib/gcc/arm-none-eabi/12.3.1/../../../../arm-none-eabi/lib/thumb/v7-m/nofp\libc_nano.a(libc_a-mprec.o)
                0x08009518                __mprec_tens
 .rodata._setlocale_r.str1.1